Tools / allows to use prefix with shortcuts / shortcuts with prefix / 0: |-
  .windi-btn {
    border-radius: 0.5rem;
    font-weight: 600;
    padding-top: 0.5rem;
    padding-bottom: 0.5rem;
    padding-left: 1rem;
    padding-right: 1rem;
    --tw-shadow: 0 4px 6px -1px rgb(0 0 0/0.1),0 2px 4px -2px rgb(0 0 0/0.1);
    --tw-shadow-colored: 0 4px 6px -1px var(--tw-shadow-color),0 2px 4px -2px var(--tw-shadow-color);
    -webkit-box-shadow: var(--tw-ring-offset-shadow,0 0 #0000),var(--tw-ring-shadow,0 0 #0000),var(--tw-shadow);
    box-shadow: var(--tw-ring-offset-shadow,0 0 #0000),var(--tw-ring-shadow,0 0 #0000),var(--tw-shadow);
  }
  .windi-btn-green {
    --tw-bg-opacity: 1;
    background-color: rgba(16, 185, 129, var(--tw-bg-opacity));
    --tw-text-opacity: 1;
    color: rgba(255, 255, 255, var(--tw-text-opacity));
  }
  .windi-btn-green:hover {
    --tw-bg-opacity: 1;
    background-color: rgba(4, 120, 87, var(--tw-bg-opacity));
  }
Tools / animation config test / animate / 0: |-
  @keyframes skbounce {
    0%, 100% {
      -webkit-transform: scale(0.0);
      transform: scale(0.0);
    }
    50% {
      -webkit-transform: scale(1.0);
      transform: scale(1.0);
    }
  }
  @-webkit-keyframes skbounce {
    0%, 100% {
      -webkit-transform: scale(0.0);
      transform: scale(0.0);
    }
    50% {
      -webkit-transform: scale(1.0);
      transform: scale(1.0);
    }
  }
  .animate-skbounce {
    -webkit-animation: skbounce 2.0s infinite ease-in-out;
    animation: skbounce 2.0s infinite ease-in-out;
  }
Tools / change separator test / - / 2: |-
  @media (min-width: 640px) {
    .sm-bg-gray-200 {
      --tw-bg-opacity: 1;
      background-color: rgba(229, 231, 235, var(--tw-bg-opacity));
    }
  }
Tools / change separator test / -- / 3: |-
  @media (min-width: 640px) {
    .sm--bg-gray-200 {
      --tw-bg-opacity: 1;
      background-color: rgba(229, 231, 235, var(--tw-bg-opacity));
    }
  }
Tools / change separator test / --- / 4: |-
  @media (min-width: 640px) {
    .sm---bg-gray-200 {
      --tw-bg-opacity: 1;
      background-color: rgba(229, 231, 235, var(--tw-bg-opacity));
    }
  }
Tools / change separator test / . / 7: |-
  @media (min-width: 640px) {
    .sm\.bg-gray-200 {
      --tw-bg-opacity: 1;
      background-color: rgba(229, 231, 235, var(--tw-bg-opacity));
    }
  }
'Tools / change separator test / :: / 1': |-
  @media (min-width: 640px) {
    .sm\:\:bg-gray-200 {
      --tw-bg-opacity: 1;
      background-color: rgba(229, 231, 235, var(--tw-bg-opacity));
    }
  }
Tools / change separator test / _ / 0: |-
  @media (min-width: 640px) {
    .sm_bg-gray-200 {
      --tw-bg-opacity: 1;
      background-color: rgba(229, 231, 235, var(--tw-bg-opacity));
    }
  }
Tools / change separator test / _ / 5: |-
  @media (min-width: 640px) {
    .sm_bg-gray-200 {
      --tw-bg-opacity: 1;
      background-color: rgba(229, 231, 235, var(--tw-bg-opacity));
    }
  }
Tools / change separator test / __ / 6: |-
  @media (min-width: 640px) {
    .sm__bg-gray-200 {
      --tw-bg-opacity: 1;
      background-color: rgba(229, 231, 235, var(--tw-bg-opacity));
    }
  }
Tools / color config test / css / 0: |-
  .bg-darkTheme-600 {
    --tw-bg-opacity: 1;
    background-color: rgba(38, 42, 52, var(--tw-bg-opacity));
  }
  .bg-active {
    background-color: var(--active);
  }
  .bg-on-primary {
    background-color: var(--on-primary);
  }
  .bg-on-frame-active {
    background-color: var(--on-frame-active);
  }
Tools / config with brackets / css / 0: |-
  .font-bold {
    font-weight: 700;
  }
  .h-\(custom\) {
    height: calc(100% - 4rem);
  }
  .text-lg {
    font-size: 1.125rem;
    line-height: 1.75rem;
  }
Tools / confuses color with font-size if keys are the same / css / 0: |-
  .text-base {
    font-size: 125%;
  }
  .text-gray {
    --tw-text-opacity: 1;
    color: rgba(255, 255, 255, var(--tw-text-opacity));
  }
  .text-gray-base {
    --tw-text-opacity: 1;
    color: rgba(89, 174, 144, var(--tw-text-opacity));
  }
Tools / container with screens / css / 0: |-
  .container {
    width: 100%;
  }
  @media print {
    .print\:bg-black {
      --tw-bg-opacity: 1;
      background-color: rgba(0, 0, 0, var(--tw-bg-opacity));
    }
  }
Tools / dashify / css / 0: |-
  .foo {
    --tw-bg-opacity: 1;
  }
  .bar {
    -moz-user-select: 1;
  }
  .caps {
    test-css: 1;
  }
Tools / different colors / colors / 0: |-
  .bg-name {
    --tw-bg-opacity: 1;
    background-color: rgba(0, 0, 255, var(--tw-bg-opacity));
  }
  .bg-hex {
    --tw-bg-opacity: 1;
    background-color: rgba(28, 28, 30, var(--tw-bg-opacity));
  }
  .bg-hexa {
    --tw-bg-opacity: 0;
    background-color: rgba(0, 0, 255, var(--tw-bg-opacity));
  }
  .bg-rgb {
    --tw-bg-opacity: 1;
    background-color: rgba(23, 23, 24, var(--tw-bg-opacity));
  }
  .bg-rgba {
    --tw-bg-opacity: 0.5;
    background-color: rgba(23, 23, 25, var(--tw-bg-opacity));
  }
  .bg-hsl {
    --tw-bg-opacity: 1;
    background-color: rgba(0, 255, 0, var(--tw-bg-opacity));
  }
  .bg-hsla {
    --tw-bg-opacity: 0.3;
    background-color: rgba(128, 255, 128, var(--tw-bg-opacity));
  }
  .bg-hwb {
    --tw-bg-opacity: 1;
    background-color: rgba(102, 102, 102, var(--tw-bg-opacity));
  }
  .bg-hwba {
    --tw-bg-opacity: 0.7;
    background-color: rgba(102, 102, 102, var(--tw-bg-opacity));
  }
  .bg-srgb {
    --tw-bg-opacity: 1;
    background-color: rgba(178, 82, 82, var(--tw-bg-opacity));
  }
Tools / extend black / css / 0: |-
  .bg-black-300 {
    --tw-bg-opacity: 1;
    background-color: rgba(28, 28, 30, var(--tw-bg-opacity));
  }
  .bg-black {
    --tw-bg-opacity: 1;
    background-color: rgba(0, 0, 0, var(--tw-bg-opacity));
  }
  .bg-black-400 {
    --tw-bg-opacity: 1;
    background-color: rgba(34, 0, 0, var(--tw-bg-opacity));
  }
Tools / extend fontFamily with array / css / 0: |-
  .font-sans {
    font-family: Graphik,sans-serif;
  }
Tools / handle colors test / css / 0: |-
  .bg-discord {
    --tw-bg-opacity: 1;
    background-color: rgba(114, 137, 218, var(--tw-bg-opacity));
  }
  .bg-discord-100 {
    --tw-bg-opacity: 1;
    background-color: rgba(114, 137, 218, var(--tw-bg-opacity));
  }
  .bg-hex-7289da {
    --tw-bg-opacity: 1;
    background-color: rgba(114, 137, 218, var(--tw-bg-opacity));
  }
  .ring-offset-hex-1c1c1e {
    --tw-ring-offset-opacity: 1;
    --tw-ring-offset-color: rgba(28, 28, 30, var(--tw-ring-offset-opacity));
  }
  .ring-offset-gray-200 {
    --tw-ring-offset-opacity: 1;
    --tw-ring-offset-color: rgba(229, 231, 235, var(--tw-ring-offset-opacity));
  }
  .text-primary-color-red {
    --tw-text-opacity: 1;
    color: rgba(255, 0, 0, var(--tw-text-opacity));
  }
Tools / handle nest colors / colors / 0: |-
  .bg-my-custom-red {
    --tw-bg-opacity: 1;
    background-color: rgba(255, 0, 0, var(--tw-bg-opacity));
  }
  .bg-my {
    --tw-bg-opacity: 1;
    background-color: rgba(0, 0, 0, var(--tw-bg-opacity));
  }
  .bg-my-custom {
    --tw-bg-opacity: 1;
    background-color: rgba(255, 255, 255, var(--tw-bg-opacity));
  }
  .text-my-custom {
    --tw-text-opacity: 1;
    color: rgba(255, 255, 255, var(--tw-text-opacity));
  }
Tools / important string test / css / 0: |-
  @media (min-width: 640px) {
    #app .sm\:bg-black {
      --tw-bg-opacity: 1;
      background-color: rgba(0, 0, 0, var(--tw-bg-opacity));
    }
  }
Tools / important string test / css / 1: |-
  .dark #app .dark\:bg-white {
    --tw-bg-opacity: 1;
    background-color: rgba(255, 255, 255, var(--tw-bg-opacity));
  }
Tools / resolveConfig should extend correctly / order / 0: |-
  {
    "1": "1",
    "2": "2",
    "3": "3",
    "4": "4",
    "5": "5",
    "6": "6",
    "7": "7",
    "8": "8",
    "9": "9",
    "10": "10",
    "11": "11",
    "12": "12",
    "first": "-9999",
    "last": "9999",
    "none": "0",
    "lg": "44"
  }
Tools / resolveConfig should not overwrite theme function / extend-colors-red / 1: |-
  {
    "50": "#fef2f2",
    "100": "#fee2e2",
    "200": "#fecaca",
    "300": "#fca5a5",
    "400": "#f87171",
    "500": "#ef4444",
    "600": "#dc2626",
    "700": "#b91c1c",
    "800": "#991b1b",
    "900": "#7f1d1d",
    "custom": "#ea1851"
  }
Tools / resolveConfig should not overwrite theme function / extend-width / 0: |-
  {
    "0": "0px",
    "1": "0.25rem",
    "2": "0.5rem",
    "3": "0.75rem",
    "4": "1rem",
    "5": "1.25rem",
    "6": "1.5rem",
    "7": "1.75rem",
    "8": "2rem",
    "9": "2.25rem",
    "10": "2.5rem",
    "11": "2.75rem",
    "12": "3rem",
    "14": "3.5rem",
    "16": "4rem",
    "20": "5rem",
    "24": "6rem",
    "28": "7rem",
    "32": "8rem",
    "36": "9rem",
    "40": "10rem",
    "44": "11rem",
    "48": "12rem",
    "52": "13rem",
    "56": "14rem",
    "60": "15rem",
    "64": "16rem",
    "72": "18rem",
    "80": "20rem",
    "96": "24rem",
    "px": "1px",
    "0.5": "0.125rem",
    "1.5": "0.375rem",
    "2.5": "0.625rem",
    "3.5": "0.875rem",
    "xs": "20rem",
    "sm": "24rem",
    "md": "28rem",
    "lg": "32rem",
    "xl": "36rem",
    "2xl": "42rem",
    "3xl": "48rem",
    "4xl": "56rem",
    "5xl": "64rem",
    "6xl": "72rem",
    "7xl": "80rem",
    "1/2": "50%",
    "1/3": "33.333333%",
    "2/3": "66.666667%",
    "1/4": "25%",
    "2/4": "50%",
    "3/4": "75%",
    "1/5": "20%",
    "2/5": "40%",
    "3/5": "60%",
    "4/5": "80%",
    "1/6": "16.666667%",
    "2/6": "33.333333%",
    "3/6": "50%",
    "4/6": "66.666667%",
    "5/6": "83.333333%",
    "1/12": "8.333333%",
    "2/12": "16.666667%",
    "3/12": "25%",
    "4/12": "33.333333%",
    "5/12": "41.666667%",
    "6/12": "50%",
    "7/12": "58.333333%",
    "8/12": "66.666667%",
    "9/12": "75%",
    "10/12": "83.333333%",
    "11/12": "91.666667%",
    "auto": "auto",
    "full": "100%",
    "min": "min-content",
    "max": "max-content",
    "prose": "65ch",
    "screen": "100vw",
    "screen-sm": "640px",
    "screen-md": "768px",
    "screen-lg": "1024px",
    "screen-xl": "1280px",
    "screen-2xl": "1536px",
    "1/7": "14%",
    "2/7": "28%",
    "3/7": "42%",
    "4/7": "57%",
    "5/7": "71%",
    "6/7": "85%"
  }
Tools / shortcuts config object / shortcuts object / 0: |-
  .btn {
    color: white;
    border-radius: 0.5rem;
    font-weight: 600;
    padding-top: 0.5rem;
    padding-bottom: 0.5rem;
    padding-left: 1rem;
    padding-right: 1rem;
  }
  .btn:hover {
    --tw-bg-opacity: 1;
    background-color: rgba(4, 120, 87, var(--tw-bg-opacity));
    color: black;
  }
Tools / shortcuts config string / shortcuts string / 0: |-
  .btn {
    border-radius: 0.5rem;
    font-weight: 600;
    padding-top: 0.5rem;
    padding-bottom: 0.5rem;
    padding-left: 1rem;
    padding-right: 1rem;
    --tw-shadow: 0 4px 6px -1px rgb(0 0 0/0.1),0 2px 4px -2px rgb(0 0 0/0.1);
    --tw-shadow-colored: 0 4px 6px -1px var(--tw-shadow-color),0 2px 4px -2px var(--tw-shadow-color);
    -webkit-box-shadow: var(--tw-ring-offset-shadow,0 0 #0000),var(--tw-ring-shadow,0 0 #0000),var(--tw-shadow);
    box-shadow: var(--tw-ring-offset-shadow,0 0 #0000),var(--tw-ring-shadow,0 0 #0000),var(--tw-shadow);
  }
  .btn-green {
    --tw-bg-opacity: 1;
    background-color: rgba(16, 185, 129, var(--tw-bg-opacity));
    --tw-text-opacity: 1;
    color: rgba(255, 255, 255, var(--tw-text-opacity));
  }
  .btn-green:hover {
    --tw-bg-opacity: 1;
    background-color: rgba(4, 120, 87, var(--tw-bg-opacity));
  }
  @media (min-width: 1024px) {
    .lg\:btn {
      border-radius: 0.5rem;
      font-weight: 600;
      padding-top: 0.5rem;
      padding-bottom: 0.5rem;
      padding-left: 1rem;
      padding-right: 1rem;
      --tw-shadow: 0 4px 6px -1px rgb(0 0 0/0.1),0 2px 4px -2px rgb(0 0 0/0.1);
      --tw-shadow-colored: 0 4px 6px -1px var(--tw-shadow-color),0 2px 4px -2px var(--tw-shadow-color);
      -webkit-box-shadow: var(--tw-ring-offset-shadow,0 0 #0000),var(--tw-ring-shadow,0 0 #0000),var(--tw-shadow);
      box-shadow: var(--tw-ring-offset-shadow,0 0 #0000),var(--tw-ring-shadow,0 0 #0000),var(--tw-shadow);
    }
  }
'Tools / support color callback function #75 #256 / css / 0': |-
  .bg-transparent {
    background-color: transparent;
  }
  .bg-primary {
    --tw-bg-opacity: 1;
    background-color: hsla(var(--p, 259 94% 51%) / var(--tw-bg-opacity));
  }
  .bg-primary-focus {
    --tw-bg-opacity: 1;
    background-color: hsla(var(--pf, 259 94% 41%) / var(--tw-bg-opacity));
  }
  .text-primary-content {
    --tw-text-opacity: 1;
    color: hsla(var(--pc, 0 0% 100%) / var(--tw-text-opacity));
  }
Tools / transition property / css / 0: |-
  .btn {
    -webkit-transition-property: background-color;
    -o-transition-property: background-color;
    transition-property: background-color;
    -webkit-transition-timing-function: cubic-bezier(0.4, 0, 0.2, 1);
    -o-transition-timing-function: cubic-bezier(0.4, 0, 0.2, 1);
    transition-timing-function: cubic-bezier(0.4, 0, 0.2, 1);
    -webkit-transition-duration: 150ms;
    -o-transition-duration: 150ms;
    transition-duration: 150ms;
  }
Tools / variables theme config / css / 0: |-
  :root {
    --primary: #6366f1;
  }
