Tools / get corePlugins / list / 0: |-
  [
    "columns",
    "container",
    "space",
    "divideWidth",
    "divideColor",
    "divideStyle",
    "divideOpacity",
    "accessibility",
    "appearance",
    "backgroundAttachment",
    "backgroundClip",
    "backgroundColor",
    "backgroundImage",
    "gradientColorStops",
    "backgroundOpacity",
    "backgroundPosition",
    "backgroundRepeat",
    "backgroundSize",
    "backgroundOrigin",
    "borderCollapse",
    "borderColor",
    "borderOpacity",
    "borderRadius",
    "borderStyle",
    "borderWidth",
    "boxDecorationBreak",
    "boxSizing",
    "cursor",
    "captionSide",
    "emptyCells",
    "display",
    "flexDirection",
    "flexWrap",
    "placeItems",
    "placeContent",
    "placeSelf",
    "alignItems",
    "alignContent",
    "alignSelf",
    "justifyItems",
    "justifyContent",
    "justifySelf",
    "flex",
    "flexGrow",
    "flexShrink",
    "order",
    "float",
    "clear",
    "fontFamily",
    "fontWeight",
    "height",
    "fontSize",
    "lineHeight",
    "listStylePosition",
    "listStyleType",
    "margin",
    "maxHeight",
    "maxWidth",
    "minHeight",
    "minWidth",
    "objectFit",
    "objectPosition",
    "opacity",
    "outline",
    "overflow",
    "overscrollBehavior",
    "padding",
    "placeholderColor",
    "placeholderOpacity",
    "caretColor",
    "caretOpacity",
    "tabSize",
    "pointerEvents",
    "position",
    "inset",
    "resize",
    "boxShadow",
    "boxShadowColor",
    "ringWidth",
    "ringOffsetColor",
    "ringOffsetWidth",
    "ringColor",
    "ringOpacity",
    "fill",
    "stroke",
    "strokeWidth",
    "strokeDashArray",
    "strokeDashOffset",
    "tableLayout",
    "textAlign",
    "textColor",
    "textOpacity",
    "textOverflow",
    "textShadow",
    "fontStyle",
    "textTransform",
    "textDecorationStyle",
    "textDecorationLength",
    "textDecorationColor",
    "textDecorationOpacity",
    "textDecorationOffset",
    "textDecorationThickness",
    "textDecoration",
    "textIndent",
    "textStrokeColor",
    "textStrokeWidth",
    "content",
    "fontSmoothing",
    "fontVariantNumeric",
    "letterSpacing",
    "userSelect",
    "verticalAlign",
    "visibility",
    "backfaceVisibility",
    "whitespace",
    "wordBreak",
    "writingMode",
    "hyphens",
    "width",
    "zIndex",
    "isolation",
    "gap",
    "gridAutoFlow",
    "gridTemplateColumns",
    "gridAutoColumns",
    "gridColumn",
    "gridColumnStart",
    "gridColumnEnd",
    "gridTemplateRows",
    "gridAutoRows",
    "gridRow",
    "gridRowStart",
    "gridRowEnd",
    "transform",
    "transformOrigin",
    "scale",
    "rotate",
    "translate",
    "skew",
    "perspective",
    "perspectiveOrigin",
    "transitionProperty",
    "transitionTimingFunction",
    "transitionDuration",
    "transitionDelay",
    "keyframes",
    "animation",
    "imageRendering",
    "mixBlendMode",
    "backgroundBlendMode",
    "filter",
    "blur",
    "brightness",
    "contrast",
    "dropShadow",
    "grayscale",
    "hueRotate",
    "invert",
    "saturate",
    "sepia",
    "backdropFilter",
    "backdropBlur",
    "backdropBrightness",
    "backdropContrast",
    "backdropGrayscale",
    "backdropHueRotate",
    "backdropInvert",
    "backdropOpacity",
    "backdropSaturate",
    "backdropSepia",
    "willChange",
    "touchAction",
    "scrollBehavior"
  ]
Tools / get corePlugins / list2 / 1: |-
  [
    "container",
    "cursor"
  ]
Tools / get corePlugins / list3 / 2: |-
  [
    "columns",
    "space",
    "divideWidth",
    "divideColor",
    "divideStyle",
    "divideOpacity",
    "accessibility",
    "appearance",
    "backgroundAttachment",
    "backgroundClip",
    "backgroundColor",
    "backgroundImage",
    "gradientColorStops",
    "backgroundOpacity",
    "backgroundPosition",
    "backgroundRepeat",
    "backgroundSize",
    "backgroundOrigin",
    "borderCollapse",
    "borderColor",
    "borderOpacity",
    "borderRadius",
    "borderStyle",
    "borderWidth",
    "boxDecorationBreak",
    "boxSizing",
    "captionSide",
    "emptyCells",
    "display",
    "flexDirection",
    "flexWrap",
    "placeItems",
    "placeContent",
    "placeSelf",
    "alignItems",
    "alignContent",
    "alignSelf",
    "justifyItems",
    "justifyContent",
    "justifySelf",
    "flex",
    "flexGrow",
    "flexShrink",
    "order",
    "float",
    "clear",
    "fontFamily",
    "fontWeight",
    "height",
    "fontSize",
    "lineHeight",
    "listStylePosition",
    "listStyleType",
    "margin",
    "maxHeight",
    "maxWidth",
    "minHeight",
    "minWidth",
    "objectFit",
    "objectPosition",
    "opacity",
    "outline",
    "overflow",
    "overscrollBehavior",
    "padding",
    "placeholderColor",
    "placeholderOpacity",
    "caretColor",
    "caretOpacity",
    "tabSize",
    "pointerEvents",
    "position",
    "inset",
    "resize",
    "boxShadow",
    "boxShadowColor",
    "ringWidth",
    "ringOffsetColor",
    "ringOffsetWidth",
    "ringColor",
    "ringOpacity",
    "fill",
    "stroke",
    "strokeWidth",
    "strokeDashArray",
    "strokeDashOffset",
    "tableLayout",
    "textAlign",
    "textColor",
    "textOpacity",
    "textOverflow",
    "textShadow",
    "fontStyle",
    "textTransform",
    "textDecorationStyle",
    "textDecorationLength",
    "textDecorationColor",
    "textDecorationOpacity",
    "textDecorationOffset",
    "textDecorationThickness",
    "textDecoration",
    "textIndent",
    "textStrokeColor",
    "textStrokeWidth",
    "content",
    "fontSmoothing",
    "fontVariantNumeric",
    "letterSpacing",
    "userSelect",
    "verticalAlign",
    "visibility",
    "backfaceVisibility",
    "whitespace",
    "wordBreak",
    "writingMode",
    "hyphens",
    "width",
    "zIndex",
    "isolation",
    "gap",
    "gridAutoFlow",
    "gridTemplateColumns",
    "gridAutoColumns",
    "gridColumn",
    "gridColumnStart",
    "gridColumnEnd",
    "gridTemplateRows",
    "gridAutoRows",
    "gridRow",
    "gridRowStart",
    "gridRowEnd",
    "transform",
    "transformOrigin",
    "scale",
    "rotate",
    "translate",
    "skew",
    "perspective",
    "perspectiveOrigin",
    "transitionProperty",
    "transitionTimingFunction",
    "transitionDuration",
    "transitionDelay",
    "keyframes",
    "animation",
    "imageRendering",
    "mixBlendMode",
    "backgroundBlendMode",
    "filter",
    "blur",
    "brightness",
    "contrast",
    "dropShadow",
    "grayscale",
    "hueRotate",
    "invert",
    "saturate",
    "sepia",
    "backdropFilter",
    "backdropBlur",
    "backdropBrightness",
    "backdropContrast",
    "backdropGrayscale",
    "backdropHueRotate",
    "backdropInvert",
    "backdropOpacity",
    "backdropSaturate",
    "backdropSepia",
    "willChange",
    "touchAction",
    "scrollBehavior"
  ]
Tools / resolve dynamic utilities / with-plugins / 1: |-
  [
    "columns",
    "container",
    "space",
    "divide",
    "bg",
    "from",
    "via",
    "to",
    "border",
    "rounded",
    "cursor",
    "flex",
    "order",
    "font",
    "h",
    "leading",
    "list",
    "m",
    "my",
    "mx",
    "mt",
    "mr",
    "mb",
    "ml",
    "min",
    "max",
    "object",
    "opacity",
    "outline",
    "p",
    "py",
    "px",
    "pt",
    "pr",
    "pb",
    "pl",
    "placeholder",
    "caret",
    "tab",
    "indent",
    "inset",
    "top",
    "right",
    "bottom",
    "left",
    "shadow",
    "ring",
    "blur",
    "brightness",
    "contrast",
    "drop",
    "grayscale",
    "hue",
    "invert",
    "saturate",
    "sepia",
    "backdrop",
    "fill",
    "stroke",
    "text",
    "tracking",
    "decoration",
    "underline",
    "w",
    "z",
    "gap",
    "auto",
    "grid",
    "col",
    "row",
    "origin",
    "scale",
    "rotate",
    "translate",
    "skew",
    "perspect",
    "transition",
    "ease",
    "duration",
    "delay",
    "content",
    "animate",
    "filter",
    "aspect-w",
    "aspect-h",
    "aspect",
    "line-clamp",
    "prose"
  ]
Tools / resolve dynamic utilities / without-plugins / 0: |-
  [
    "columns",
    "container",
    "space",
    "divide",
    "bg",
    "from",
    "via",
    "to",
    "border",
    "rounded",
    "cursor",
    "flex",
    "order",
    "font",
    "h",
    "leading",
    "list",
    "m",
    "my",
    "mx",
    "mt",
    "mr",
    "mb",
    "ml",
    "min",
    "max",
    "object",
    "opacity",
    "outline",
    "p",
    "py",
    "px",
    "pt",
    "pr",
    "pb",
    "pl",
    "placeholder",
    "caret",
    "tab",
    "indent",
    "inset",
    "top",
    "right",
    "bottom",
    "left",
    "shadow",
    "ring",
    "blur",
    "brightness",
    "contrast",
    "drop",
    "grayscale",
    "hue",
    "invert",
    "saturate",
    "sepia",
    "backdrop",
    "fill",
    "stroke",
    "text",
    "tracking",
    "decoration",
    "underline",
    "w",
    "z",
    "gap",
    "auto",
    "grid",
    "col",
    "row",
    "origin",
    "scale",
    "rotate",
    "translate",
    "skew",
    "perspect",
    "transition",
    "ease",
    "duration",
    "delay",
    "content",
    "animate"
  ]
