Tools / animation / animation / 0: |-
  @keyframes spin {
    from {
      -webkit-transform: rotate(0deg);
      transform: rotate(0deg);
    }
    to {
      -webkit-transform: rotate(360deg);
      transform: rotate(360deg);
    }
  }
  @-webkit-keyframes spin {
    from {
      -webkit-transform: rotate(0deg);
      transform: rotate(0deg);
    }
    to {
      -webkit-transform: rotate(360deg);
      transform: rotate(360deg);
    }
  }
  @keyframes ping {
    0% {
      -webkit-transform: scale(1);
      transform: scale(1);
      opacity: 1;
    }
    75%, 100% {
      -webkit-transform: scale(2);
      transform: scale(2);
      opacity: 0;
    }
  }
  @-webkit-keyframes ping {
    0% {
      -webkit-transform: scale(1);
      transform: scale(1);
      opacity: 1;
    }
    75%, 100% {
      -webkit-transform: scale(2);
      transform: scale(2);
      opacity: 0;
    }
  }
  @keyframes pulse {
    0%, 100% {
      opacity: 1;
    }
    50% {
      opacity: .5;
    }
  }
  @-webkit-keyframes pulse {
    0%, 100% {
      opacity: 1;
    }
    50% {
      opacity: .5;
    }
  }
  @keyframes bounce {
    0%, 100% {
      -webkit-transform: translateY(-25%);
      transform: translateY(-25%);
      -webkit-animation-timing-function: cubic-bezier(0.8,0,1,1);
      animation-timing-function: cubic-bezier(0.8,0,1,1);
    }
    50% {
      -webkit-transform: translateY(0);
      transform: translateY(0);
      -webkit-animation-timing-function: cubic-bezier(0,0,0.2,1);
      animation-timing-function: cubic-bezier(0,0,0.2,1);
    }
  }
  @-webkit-keyframes bounce {
    0%, 100% {
      -webkit-transform: translateY(-25%);
      transform: translateY(-25%);
      -webkit-animation-timing-function: cubic-bezier(0.8,0,1,1);
      animation-timing-function: cubic-bezier(0.8,0,1,1);
    }
    50% {
      -webkit-transform: translateY(0);
      transform: translateY(0);
      -webkit-animation-timing-function: cubic-bezier(0,0,0.2,1);
      animation-timing-function: cubic-bezier(0,0,0.2,1);
    }
  }
  @keyframes flash {
    from, 50%, to {
      opacity: 1;
    }
    25%, 75% {
      opacity: 0;
    }
  }
  @-webkit-keyframes flash {
    from, 50%, to {
      opacity: 1;
    }
    25%, 75% {
      opacity: 0;
    }
  }
  @keyframes shock {
    from, 20%, 53%, 80%, to {
      -webkit-animation-timing-function: cubic-bezier(0.215, 0.61, 0.355, 1);
      animation-timing-function: cubic-bezier(0.215, 0.61, 0.355, 1);
      -webkit-transform: translate3d(0, 0, 0);
      transform: translate3d(0, 0, 0);
    }
    40%, 43% {
      -webkit-animation-timing-function: cubic-bezier(0.755, 0.05, 0.855, 0.06);
      animation-timing-function: cubic-bezier(0.755, 0.05, 0.855, 0.06);
      -webkit-transform: translate3d(0, -30px, 0);
      transform: translate3d(0, -30px, 0);
    }
    70% {
      -webkit-animation-timing-function: cubic-bezier(0.755, 0.05, 0.855, 0.06);
      animation-timing-function: cubic-bezier(0.755, 0.05, 0.855, 0.06);
      -webkit-transform: translate3d(0, -15px, 0);
      transform: translate3d(0, -15px, 0);
    }
    90% {
      -webkit-transform: translate3d(0, -4px, 0);
      transform: translate3d(0, -4px, 0);
    }
  }
  @-webkit-keyframes shock {
    from, 20%, 53%, 80%, to {
      -webkit-animation-timing-function: cubic-bezier(0.215, 0.61, 0.355, 1);
      animation-timing-function: cubic-bezier(0.215, 0.61, 0.355, 1);
      -webkit-transform: translate3d(0, 0, 0);
      transform: translate3d(0, 0, 0);
    }
    40%, 43% {
      -webkit-animation-timing-function: cubic-bezier(0.755, 0.05, 0.855, 0.06);
      animation-timing-function: cubic-bezier(0.755, 0.05, 0.855, 0.06);
      -webkit-transform: translate3d(0, -30px, 0);
      transform: translate3d(0, -30px, 0);
    }
    70% {
      -webkit-animation-timing-function: cubic-bezier(0.755, 0.05, 0.855, 0.06);
      animation-timing-function: cubic-bezier(0.755, 0.05, 0.855, 0.06);
      -webkit-transform: translate3d(0, -15px, 0);
      transform: translate3d(0, -15px, 0);
    }
    90% {
      -webkit-transform: translate3d(0, -4px, 0);
      transform: translate3d(0, -4px, 0);
    }
  }
  @keyframes flipInX {
    from {
      -webkit-transform: perspective(400px) rotate3d(1, 0, 0, 90deg);
      transform: perspective(400px) rotate3d(1, 0, 0, 90deg);
      -webkit-animation-timing-function: ease-in;
      animation-timing-function: ease-in;
      opacity: 0;
    }
    40% {
      -webkit-transform: perspective(400px) rotate3d(1, 0, 0, -20deg);
      transform: perspective(400px) rotate3d(1, 0, 0, -20deg);
      -webkit-animation-timing-function: ease-in;
      animation-timing-function: ease-in;
    }
    60% {
      -webkit-transform: perspective(400px) rotate3d(1, 0, 0, 10deg);
      transform: perspective(400px) rotate3d(1, 0, 0, 10deg);
      opacity: 1;
    }
    80% {
      -webkit-transform: perspective(400px) rotate3d(1, 0, 0, -5deg);
      transform: perspective(400px) rotate3d(1, 0, 0, -5deg);
    }
    to {
      -webkit-transform: perspective(400px);
      transform: perspective(400px);
    }
  }
  @-webkit-keyframes flipInX {
    from {
      -webkit-transform: perspective(400px) rotate3d(1, 0, 0, 90deg);
      transform: perspective(400px) rotate3d(1, 0, 0, 90deg);
      -webkit-animation-timing-function: ease-in;
      animation-timing-function: ease-in;
      opacity: 0;
    }
    40% {
      -webkit-transform: perspective(400px) rotate3d(1, 0, 0, -20deg);
      transform: perspective(400px) rotate3d(1, 0, 0, -20deg);
      -webkit-animation-timing-function: ease-in;
      animation-timing-function: ease-in;
    }
    60% {
      -webkit-transform: perspective(400px) rotate3d(1, 0, 0, 10deg);
      transform: perspective(400px) rotate3d(1, 0, 0, 10deg);
      opacity: 1;
    }
    80% {
      -webkit-transform: perspective(400px) rotate3d(1, 0, 0, -5deg);
      transform: perspective(400px) rotate3d(1, 0, 0, -5deg);
    }
    to {
      -webkit-transform: perspective(400px);
      transform: perspective(400px);
    }
  }
  .animate-none {
    -webkit-animation: none;
    animation: none;
  }
  .animate-spin {
    -webkit-animation: spin 1s linear infinite;
    animation: spin 1s linear infinite;
  }
  .animate-ping {
    -webkit-animation: ping 1s cubic-bezier(0, 0, 0.2, 1) infinite;
    animation: ping 1s cubic-bezier(0, 0, 0.2, 1) infinite;
  }
  .animate-pulse {
    -webkit-animation: pulse 2s cubic-bezier(0.4, 0, 0.6, 1) infinite;
    animation: pulse 2s cubic-bezier(0.4, 0, 0.6, 1) infinite;
  }
  .animate-bounce {
    -webkit-animation: bounce 1s infinite;
    animation: bounce 1s infinite;
  }
  .animate-flash {
    -webkit-animation: flash;
    animation: flash;
  }
  .animate-shock {
    -webkit-animation: shock;
    animation: shock;
    -webkit-transform-origin: center bottom;
    -ms-transform-origin: center bottom;
    transform-origin: center bottom;
  }
  .animate-flip-in-x {
    -webkit-animation: flipInX;
    animation: flipInX;
    -webkit-backface-visibility: visible;
    backface-visibility: visible;
  }
Tools / animation iteration count / animationIterationCount / 0: |-
  .animate-loop {
    -webkit-animation-iteration-count: infinite;
    animation-iteration-count: infinite;
  }
  .animate-repeat-1 {
    -webkit-animation-iteration-count: 1;
    animation-iteration-count: 1;
  }
  .animate-repeat-12 {
    -webkit-animation-iteration-count: 12;
    animation-iteration-count: 12;
  }
  .animate-repeat-24 {
    -webkit-animation-iteration-count: 24;
    animation-iteration-count: 24;
  }
  .animate-repeat-\[13\] {
    -webkit-animation-iteration-count: 13;
    animation-iteration-count: 13;
  }
Tools / animation order / transition / 0: |-
  @keyframes flash {
    from, 50%, to {
      opacity: 1;
    }
    25%, 75% {
      opacity: 0;
    }
  }
  @-webkit-keyframes flash {
    from, 50%, to {
      opacity: 1;
    }
    25%, 75% {
      opacity: 0;
    }
  }
  .animate-flash {
    -webkit-animation: flash;
    animation: flash;
  }
  .animated {
    -webkit-animation-duration: 1000ms;
    -webkit-animation-fill-mode: both;
    animation-duration: 1000ms;
    animation-fill-mode: both;
  }
  .animate-reverse {
    -webkit-animation-direction: reverse;
    animation-direction: reverse;
  }
  .animate-duration-1\.5s {
    -webkit-animation-duration: 1.5s;
    animation-duration: 1.5s;
  }
  .animate-delay-20ms {
    -webkit-animation-delay: 20ms;
    animation-delay: 20ms;
  }
  .animate-loop {
    -webkit-animation-iteration-count: infinite;
    animation-iteration-count: infinite;
  }
Tools / animation static utilities / animationStatic / 0: |-
  .animated {
    -webkit-animation-duration: 1000ms;
    -webkit-animation-fill-mode: both;
    animation-duration: 1000ms;
    animation-fill-mode: both;
  }
  .animate-reverse {
    -webkit-animation-direction: reverse;
    animation-direction: reverse;
  }
  .animate-alternate {
    -webkit-animation-direction: alternate;
    animation-direction: alternate;
  }
  .animate-alternate-reverse {
    -webkit-animation-direction: alternate-reverse;
    animation-direction: alternate-reverse;
  }
  .animate-fill-none {
    -webkit-animation-fill-mode: none;
    animation-fill-mode: none;
  }
  .animate-fill-forwards {
    -webkit-animation-fill-mode: forwards;
    animation-fill-mode: forwards;
  }
  .animate-paused {
    -webkit-animation-play-state: paused;
    animation-play-state: paused;
  }
Tools / animation test / animate-ping / 0: |-
  @keyframes ping {
    0% {
      -webkit-transform: scale(1);
      transform: scale(1);
      opacity: 1;
    }
    75%, 100% {
      -webkit-transform: scale(2);
      transform: scale(2);
      opacity: 0;
    }
  }
  @-webkit-keyframes ping {
    0% {
      -webkit-transform: scale(1);
      transform: scale(1);
      opacity: 1;
    }
    75%, 100% {
      -webkit-transform: scale(2);
      transform: scale(2);
      opacity: 0;
    }
  }
  .animate-ping {
    -webkit-animation: ping 1s cubic-bezier(0, 0, 0.2, 1) infinite;
    animation: ping 1s cubic-bezier(0, 0, 0.2, 1) infinite;
  }
Tools / animation test / sm:animate-ping / 1: |-
  @keyframes ping {
    0% {
      -webkit-transform: scale(1);
      transform: scale(1);
      opacity: 1;
    }
    75%, 100% {
      -webkit-transform: scale(2);
      transform: scale(2);
      opacity: 0;
    }
  }
  @-webkit-keyframes ping {
    0% {
      -webkit-transform: scale(1);
      transform: scale(1);
      opacity: 1;
    }
    75%, 100% {
      -webkit-transform: scale(2);
      transform: scale(2);
      opacity: 0;
    }
  }
  @media (min-width: 640px) {
    .sm\:animate-ping {
      -webkit-animation: ping 1s cubic-bezier(0, 0, 0.2, 1) infinite;
      animation: ping 1s cubic-bezier(0, 0, 0.2, 1) infinite;
    }
  }
Tools / animation test / spin-slow / 0: |-
  @keyframes spin {
    from {
      -webkit-transform: rotate(0deg);
      transform: rotate(0deg);
    }
    to {
      -webkit-transform: rotate(360deg);
      transform: rotate(360deg);
    }
  }
  @-webkit-keyframes spin {
    from {
      -webkit-transform: rotate(0deg);
      transform: rotate(0deg);
    }
    to {
      -webkit-transform: rotate(360deg);
      transform: rotate(360deg);
    }
  }
  .animate-spin-slow {
    -webkit-animation: spin 3s linear infinite;
    animation: spin 3s linear infinite;
  }
Tools / animationDelay / animationDelay / 0: |-
  .animate-delay {
    -webkit-animation-delay: 500ms;
    animation-delay: 500ms;
  }
  .animate-delay-100 {
    -webkit-animation-delay: 100ms;
    animation-delay: 100ms;
  }
  .animate-delay-1500 {
    -webkit-animation-delay: 1500ms;
    animation-delay: 1500ms;
  }
  .animate-delay-132 {
    -webkit-animation-delay: 132ms;
    animation-delay: 132ms;
  }
  .animate-delay-\[1s\] {
    -webkit-animation-delay: 1s;
    animation-delay: 1s;
  }
  .animate-delay-\$delay {
    -webkit-animation-delay: var(--delay);
    animation-delay: var(--delay);
  }
  .animate-delay-1\.5s {
    -webkit-animation-delay: 1.5s;
    animation-delay: 1.5s;
  }
  .animate-delay-200ms {
    -webkit-animation-delay: 200ms;
    animation-delay: 200ms;
  }
Tools / animationDuration / animationDuration / 0: |-
  .animate-duration {
    -webkit-animation-duration: 1000ms;
    animation-duration: 1000ms;
  }
  .animate-duration-100 {
    -webkit-animation-duration: 100ms;
    animation-duration: 100ms;
  }
  .animate-duration-1500 {
    -webkit-animation-duration: 1500ms;
    animation-duration: 1500ms;
  }
  .animate-duration-132 {
    -webkit-animation-duration: 132ms;
    animation-duration: 132ms;
  }
  .animate-duration-\[1s\] {
    -webkit-animation-duration: 1s;
    animation-duration: 1s;
  }
  .animate-duration-\$duration {
    -webkit-animation-duration: var(--duration);
    animation-duration: var(--duration);
  }
  .animate-duration-1\.5s {
    -webkit-animation-duration: 1.5s;
    animation-duration: 1.5s;
  }
  .animate-duration-200ms {
    -webkit-animation-duration: 200ms;
    animation-duration: 200ms;
  }
Tools / animationTimingFunction / animationTimingFunction / 0: |-
  .animate-ease {
    -webkit-animation-timing-function: ease;
    animation-timing-function: ease;
  }
  .animate-ease-in {
    -webkit-animation-timing-function: ease-in;
    animation-timing-function: ease-in;
  }
  .animate-ease-linear {
    -webkit-animation-timing-function: linear;
    animation-timing-function: linear;
  }
  .animate-ease-out {
    -webkit-animation-timing-function: ease-out;
    animation-timing-function: ease-out;
  }
  .animate-ease-in-out {
    -webkit-animation-timing-function: ease-in-out;
    animation-timing-function: ease-in-out;
  }
  .animate-ease-\[cubic-bezier\(0\.25\2c 0\.1\2c 0\.25\2c 1\)\] {
    -webkit-animation-timing-function: cubic-bezier(0.25,0.1,0.25,1);
    animation-timing-function: cubic-bezier(0.25,0.1,0.25,1);
  }
Tools / backgroundImage config test / Background Image / 0: |-
  .bg-home-pattern {
    background-image: url('./src/assets/home.svg');
  }
Tools / border radius fraction / css / 0: |-
  .rounded-1\/2 {
    border-radius: 50%;
  }
  .rounded-1 {
    border-radius: 100%;
  }
  .rounded-1\/4 {
    border-radius: 25%;
  }
Tools / border top/left/bottom/right color / css / 0: |-
  .border-green-200 {
    --tw-border-opacity: 1;
    border-color: rgba(167, 243, 208, var(--tw-border-opacity));
  }
  .border-true-gray-300 {
    --tw-border-opacity: 1;
    border-color: rgba(212, 212, 212, var(--tw-border-opacity));
  }
  .border-green-200\/50 {
    --tw-border-opacity: 0.5;
    border-color: rgba(167, 243, 208, var(--tw-border-opacity));
  }
  .border-t-green-200 {
    --tw-border-opacity: 1;
    border-top-color: rgba(167, 243, 208, var(--tw-border-opacity));
  }
  .border-b-green-200 {
    --tw-border-opacity: 1;
    border-bottom-color: rgba(167, 243, 208, var(--tw-border-opacity));
  }
  .border-t-green-200\/50 {
    border-top-color: rgba(167, 243, 208, 0.5);
  }
Tools / border width shouldn't infer / css / 0: |-
  .border-gray-200 {
    --tw-border-opacity: 1;
    border-color: rgba(229, 231, 235, var(--tw-border-opacity));
  }
  .border-4 {
    border-width: 4px;
  }
  .border-t-4 {
    border-top-width: 4px;
  }
Tools / caret color / css / 0: |-
  .caret-auto {
    caret-color: auto;
  }
  .caret-gray-800 {
    --tw-caret-opacity: 1;
    caret-color: rgba(31, 41, 55, var(--tw-caret-opacity));
  }
  .caret-transparent {
    caret-color: transparent;
  }
  .caret-opacity-80 {
    --tw-caret-opacity: 0.8;
  }
Tools / color opacity group utilities / css / 0: |-
  .divide-green-500\/50 > :not([hidden]) ~ :not([hidden]) {
    --tw-divide-opacity: 0.5;
    border-color: rgba(16, 185, 129, var(--tw-divide-opacity));
  }
  .bg-green-500\/50 {
    --tw-bg-opacity: 0.5;
    background-color: rgba(16, 185, 129, var(--tw-bg-opacity));
  }
  .bg-blue-600\/32 {
    --tw-bg-opacity: 0.32;
    background-color: rgba(37, 99, 235, var(--tw-bg-opacity));
  }
  .bg-indigo-500\/\$primary-opacity {
    --tw-bg-opacity: var(--primary-opacity);
    background-color: rgba(99, 102, 241, var(--tw-bg-opacity));
  }
  .bg-\[var\(--background-color\)\] {
    background-color: var(--background-color);
  }
  .bg-teal-500\/\[var\(--primary-opacity\)\] {
    --tw-bg-opacity: var(--primary-opacity);
    background-color: rgba(20, 184, 166, var(--tw-bg-opacity));
  }
  .bg-green-500\/\[0\.17\] {
    --tw-bg-opacity: 0.17;
    background-color: rgba(16, 185, 129, var(--tw-bg-opacity));
  }
  .border-green-500\/50 {
    --tw-border-opacity: 0.5;
    border-color: rgba(16, 185, 129, var(--tw-border-opacity));
  }
  .placeholder-green-500\/50::-webkit-input-placeholder {
    --tw-placeholder-opacity: 0.5;
    color: rgba(16, 185, 129, var(--tw-placeholder-opacity));
  }
  .placeholder-green-500\/50::-moz-placeholder {
    --tw-placeholder-opacity: 0.5;
    color: rgba(16, 185, 129, var(--tw-placeholder-opacity));
  }
  .placeholder-green-500\/50:-ms-input-placeholder {
    --tw-placeholder-opacity: 0.5;
    color: rgba(16, 185, 129, var(--tw-placeholder-opacity));
  }
  .placeholder-green-500\/50::-ms-input-placeholder {
    --tw-placeholder-opacity: 0.5;
    color: rgba(16, 185, 129, var(--tw-placeholder-opacity));
  }
  .placeholder-green-500\/50::placeholder {
    --tw-placeholder-opacity: 0.5;
    color: rgba(16, 185, 129, var(--tw-placeholder-opacity));
  }
  .caret-green-500\/50 {
    --tw-caret-opacity: 0.5;
    caret-color: rgba(16, 185, 129, var(--tw-caret-opacity));
  }
  .ring-green-500\/50 {
    --tw-ring-opacity: 0.5;
    --tw-ring-color: rgba(16, 185, 129, var(--tw-ring-opacity));
  }
  .text-green-500\/50 {
    --tw-text-opacity: 0.5;
    color: rgba(16, 185, 129, var(--tw-text-opacity));
  }
  .underline-green-500\/50 {
    --tw-line-opacity: 0.5;
    -webkit-text-decoration-color: rgba(16, 185, 129, var(--tw-line-opacity));
    text-decoration-color: rgba(16, 185, 129, var(--tw-line-opacity));
  }
Tools / columns & break-after & break-before & break-inside / css / 0: |-
  .columns-1 {
    columns: 1;
  }
  .columns-12 {
    columns: 12;
  }
  .columns-auto {
    columns: auto;
  }
  .columns-7xl {
    columns: 80rem;
  }
  .break-after-auto {
    break-after: auto;
  }
  .break-after-all {
    break-after: all;
  }
  .break-after-page {
    break-after: page;
  }
  .break-after-right {
    break-after: right;
  }
  .break-before-avoid {
    break-before: avoid;
  }
  .break-before-avoid-page {
    break-before: avoid-page;
  }
  .break-before-left {
    break-before: left;
  }
  .break-before-column {
    break-before: column;
  }
  .break-inside-auto {
    break-inside: auto;
  }
  .break-inside-avoid {
    break-inside: avoid;
  }
  .break-inside-avoid-page {
    break-inside: avoid-page;
  }
  .break-inside-avoid-column {
    break-inside: avoid-column;
  }
Tools / container max-width test / container / 0: |-
  .container {
    width: 100%;
  }
  @media (min-width: 640px) {
    .container {
      max-width: 640px;
    }
  }
  @media (min-width: 768px) {
    .container {
      max-width: 768px;
    }
  }
  @media (min-width: 1024px) {
    .container {
      max-width: 1024px;
    }
  }
  @media (min-width: 1280px) {
    .container {
      max-width: 1280px;
    }
  }
  @media (min-width: 1536px) {
    .container {
      max-width: 1536px;
    }
  }
  .max-w-md {
    max-width: 28rem;
  }
Tools / container max-width test / reponsive container / 1: |-
  .container {
    width: 100%;
  }
  @media (min-width: 640px) {
    .container {
      max-width: 640px;
    }
  }
  @media (min-width: 768px) {
    .container {
      max-width: 768px;
    }
  }
  @media (min-width: 1024px) {
    .container {
      max-width: 1024px;
    }
  }
  @media (min-width: 1280px) {
    .container {
      max-width: 1280px;
    }
  }
  @media (min-width: 1536px) {
    .container {
      max-width: 1536px;
    }
  }
  .max-w-md {
    max-width: 28rem;
  }
  @media (min-width: 640px) {
    .sm\:container {
      width: 100%;
    }
    @media (min-width: 640px) {
      .sm\:container {
        max-width: 640px;
      }
    }
    @media (min-width: 768px) {
      .sm\:container {
        max-width: 768px;
      }
    }
    @media (min-width: 1024px) {
      .sm\:container {
        max-width: 1024px;
      }
    }
    @media (min-width: 1280px) {
      .sm\:container {
        max-width: 1280px;
      }
    }
    @media (min-width: 1536px) {
      .sm\:container {
        max-width: 1536px;
      }
    }
    .sm\:max-w-md {
      max-width: 28rem;
    }
  }
Tools / container padding / container padding / 0: |-
  .container {
    width: 100%;
    padding-left: 2px;
    padding-right: 2px;
  }
  @media (min-width: 640px) {
    .container {
      max-width: 640px;
    }
  }
  @media (min-width: 768px) {
    .container {
      max-width: 768px;
    }
  }
  @media (min-width: 1024px) {
    .container {
      max-width: 1024px;
    }
  }
  @media (min-width: 1280px) {
    .container {
      max-width: 1280px;
    }
  }
  @media (min-width: 1536px) {
    .container {
      max-width: 1536px;
    }
  }
Tools / content pseudo elements / css / 0: |-
  .before\:contents::before {
    content: "";
    display: contents;
  }
  .after\:contents::after {
    content: "";
    display: contents;
  }
Tools / content utilities / css / 0: |-
  .content-👍 {
    content: "👍";
  }
  .before\:content-\[\"👍\"\]::before {
    content: "👍";
  }
  .content-open-quote {
    content: open-quote;
  }
  .after\:content-\[attr\(value\)\]::after {
    content: attr(value);
  }
Tools / content utilities false / css / 0: ''
Tools / fill-none and stroke-none is wrong / css / 0: |-
  .fill-none {
    fill: none;
  }
  .stroke-none {
    stroke: none;
  }
Tools / fontsize config test / fontSize / 0: |-
  .text-main {
    font-size: 1.25rem;
  }
  .text-array {
    font-size: 1.25rem;
    line-height: 2rem;
  }
  .text-object {
    font-size: 1.25rem;
    line-height: 2rem;
  }
Tools / from via to opacity / css / 0: |-
  .from-opacity-50 {
    --tw-from-opacity: 0.5;
  }
  .via-opacity-50 {
    --tw-via-opacity: 0.5;
  }
  .to-opacity-50 {
    --tw-to-opacity: 0.5;
  }
  .outline-opacity-50 {
    --tw-outline-opacity: 0.5;
  }
  .ring-offset-opacity-50 {
    --tw-ring-offset-opacity: 0.5;
  }
  .fill-opacity-50 {
    --tw-fill-opacity: 0.5;
  }
  .stroke-opacity-50 {
    --tw-stroke-opacity: 0.5;
  }
  .text-stroke-opacity-50 {
    --tw-ring-offset-opacity: 0.5;
  }
Tools / gradient colors / gradient / 0: |-
  .bg-gradient-1 {
    background-image: linear-gradient(135deg, #FDEB71 10%, #F8D800 100%);
  }
  .bg-gradient-60 {
    background-image: linear-gradient(135deg, #FF96F9 10%, #C32BAC 100%);
  }
'Tools / gradient current and transparent #317 / css / 0': |-
  .from-current {
    --tw-gradient-from: currentColor;
    --tw-gradient-stops: var(--tw-gradient-from), var(--tw-gradient-to, rgba(255, 255, 255, 0));
  }
  .from-transparent {
    --tw-gradient-from: transparent;
    --tw-gradient-stops: var(--tw-gradient-from), var(--tw-gradient-to, rgba(255, 255, 255, 0));
  }
  .from-gray-200 {
    --tw-gradient-from: rgba(229, 231, 235, var(--tw-from-opacity, 1));
    --tw-gradient-stops: var(--tw-gradient-from), var(--tw-gradient-to, rgba(255, 255, 255, 0));
  }
  .via-current {
    --tw-gradient-stops: var(--tw-gradient-from), currentColor, var(--tw-gradient-to, rgba(255, 255, 255, 0));
  }
  .via-transparent {
    --tw-gradient-stops: var(--tw-gradient-from), transparent, var(--tw-gradient-to, rgba(255, 255, 255, 0));
  }
  .via-green-200 {
    --tw-gradient-stops: var(--tw-gradient-from), rgba(167, 243, 208, var(--tw-via-opacity, 1)), var(--tw-gradient-to, rgba(255, 255, 255, 0));
  }
  .to-current {
    --tw-gradient-to: currentColor;
  }
  .to-transparent {
    --tw-gradient-to: transparent;
  }
  .to-red-500 {
    --tw-gradient-to: rgba(239, 68, 68, var(--tw-to-opacity, 1));
  }
Tools / grid template test / grid template / 0: |-
  .grid-cols-list {
    grid-template-columns: repeat(auto-fit, minmax(16em, 1fr));
  }
  .grid-cols-4 {
    grid-template-columns: repeat(4, minmax(0, 1fr));
  }
  .grid-cols-layout {
    grid-template-columns: 200px minmax(900px, 1fr) 100px;
  }
  .grid-rows-list {
    grid-template-rows: repeat(auto-fit, minmax(16em, 1fr));
  }
  .grid-rows-4 {
    grid-template-rows: repeat(4, minmax(0, 1fr));
  }
Tools / list style type / css / 0: |-
  .list-disc {
    list-style-type: disc;
  }
  .list-square {
    list-style-type: square;
  }
  .list-zero-decimal {
    list-style-type: decimal-leading-zero;
  }
Tools / more color opacity group utilities / css / 0: |-
  .from-green-500\/50 {
    --tw-gradient-from: rgba(16, 185, 129, 0.5);
    --tw-gradient-stops: var(--tw-gradient-from), var(--tw-gradient-to, rgba(255, 255, 255, 0));
  }
  .via-green-500\/50 {
    --tw-gradient-stops: var(--tw-gradient-from), rgba(16, 185, 129, 0.5), var(--tw-gradient-to, rgba(255, 255, 255, 0));
  }
  .to-green-500\/50 {
    --tw-gradient-to: rgba(16, 185, 129, 0.5);
  }
  .outline-solid-green-500\/50 {
    outline: 2px solid rgba(16, 185, 129, 0.5);
    outline-offset: 2px;
  }
  .ring-offset-green-500\/50 {
    --tw-ring-offset-opacity: 50;
    --tw-ring-offset-color: rgba(16, 185, 129, var(--tw-ring-offset-opacity));
  }
  .fill-green-500\/50 {
    --tw-fill-opacity: 0.5;
    fill: rgba(16, 185, 129, var(--tw-fill-opacity));
  }
  .stroke-green-500\/50 {
    --tw-stroke-opacity: 0.5;
    stroke: rgba(16, 185, 129, var(--tw-stroke-opacity));
  }
  .text-stroke-green-500\/50 {
    --tw-text-stroke-opacity: 0.5;
    -webkit-text-stroke-color: rgba(16, 185, 129, var(--tw-text-stroke-opacity));
  }
Tools / prespective and perspective origin / css / 0: |-
  .perspect-none {
    -webkit-perspective: none;
    perspective: none;
  }
  .perspect-800px {
    -webkit-perspective: 800px;
    perspective: 800px;
  }
  .perspect-lg {
    -webkit-perspective: 32rem;
    perspective: 32rem;
  }
  .perspect-\[4rem\] {
    -webkit-perspective: 4rem;
    perspective: 4rem;
  }
  .perspect-23rem {
    -webkit-perspective: 23rem;
    perspective: 23rem;
  }
  .perspect-origin-center {
    -webkit-perspective-origin: center;
    perspective-origin: center;
  }
  .perspect-origin-bottom-right {
    -webkit-perspective-origin: bottom right;
    perspective-origin: bottom right;
  }
  .perspect-origin-\[250\%_250\%\] {
    -webkit-perspective-origin: 250% 250%;
    perspective-origin: 250% 250%;
  }
  .perspect-origin-\[-170\%\] {
    -webkit-perspective-origin: -170%;
    perspective-origin: -170%;
  }
Tools / ring opacity / css / 0: |-
  .ring-transparent {
    --tw-ring-color: transparent;
  }
  .focus\:ring-purple-800:focus {
    --tw-ring-opacity: 1;
    --tw-ring-color: rgba(91, 33, 182, var(--tw-ring-opacity));
  }
Tools / scroll-behavior / css / 0: |-
  .scroll-auto {
    scroll-behavior: auto;
  }
  .scroll-smooth {
    scroll-behavior: smooth;
  }
Tools / shadow color / css / 0: |-
  .shadow-2xl {
    --tw-shadow-color: 0, 0, 0;
    --tw-shadow: 0 25px 50px -12px rgba(var(--tw-shadow-color), 0.25);
    -webkit-box-shadow: var(--tw-ring-offset-shadow, 0 0 #0000), var(--tw-ring-shadow, 0 0 #0000), var(--tw-shadow);
    box-shadow: var(--tw-ring-offset-shadow, 0 0 #0000), var(--tw-ring-shadow, 0 0 #0000), var(--tw-shadow);
  }
  .shadow-red-800 {
    --tw-shadow-color: 153, 27, 27;
  }
Tools / stroke svg / css / 0: |-
  .stroke-gray-200 {
    --tw-stroke-opacity: 1;
    stroke: rgba(229, 231, 235, var(--tw-stroke-opacity));
  }
  .stroke-cap-round {
    stroke-linecap: round;
  }
  .stroke-join-bevel {
    stroke-linejoin: bevel;
  }
  .stroke-2 {
    stroke-width: 2;
  }
  .stroke-dash-4 {
    stroke-dasharray: 4;
  }
  .stroke-offset-2 {
    stroke-dashoffset: 2;
  }
Tools / tab size / css / 0: |-
  .tab {
    -moz-tab-size: 4;
    -o-tab-size: 4;
    tab-size: 4;
  }
  .tab-2 {
    -moz-tab-size: 2;
    -o-tab-size: 2;
    tab-size: 2;
  }
  .tab-4 {
    -moz-tab-size: 4;
    -o-tab-size: 4;
    tab-size: 4;
  }
  .tab-12 {
    -moz-tab-size: 12;
    -o-tab-size: 12;
    tab-size: 12;
  }
  .tab-13px {
    -moz-tab-size: 13px;
    -o-tab-size: 13px;
    tab-size: 13px;
  }
Tools / text decoration color & opacity & length & offset / css / 0: |-
  .decoration-solid {
    -webkit-text-decoration-style: solid;
    text-decoration-style: solid;
  }
  .underline-solid {
    -webkit-text-decoration-style: solid;
    text-decoration-style: solid;
  }
  .decoration-double {
    -webkit-text-decoration-style: double;
    text-decoration-style: double;
  }
  .underline-double {
    -webkit-text-decoration-style: double;
    text-decoration-style: double;
  }
  .decoration-dotted {
    -webkit-text-decoration-style: dotted;
    text-decoration-style: dotted;
  }
  .underline-dotted {
    -webkit-text-decoration-style: dotted;
    text-decoration-style: dotted;
  }
  .decoration-dashed {
    -webkit-text-decoration-style: dashed;
    text-decoration-style: dashed;
  }
  .underline-dashed {
    -webkit-text-decoration-style: dashed;
    text-decoration-style: dashed;
  }
  .decoration-wavy {
    -webkit-text-decoration-style: wavy;
    text-decoration-style: wavy;
  }
  .underline-wavy {
    -webkit-text-decoration-style: wavy;
    text-decoration-style: wavy;
  }
  .underline-2 {
    text-decoration-thickness: 2px;
  }
  .underline-3px {
    text-decoration-thickness: 3px;
  }
  .underline-1rem {
    text-decoration-thickness: 1rem;
  }
  .underline-auto {
    text-decoration-thickness: auto;
  }
  .underline-gray-200 {
    --tw-line-opacity: 1;
    -webkit-text-decoration-color: rgba(229, 231, 235, var(--tw-line-opacity));
    text-decoration-color: rgba(229, 231, 235, var(--tw-line-opacity));
  }
  .underline-transparent {
    -webkit-text-decoration-color: transparent;
    text-decoration-color: transparent;
  }
  .decoration-gray-200\/90 {
    --tw-text-decoration-opacity: 0.9;
    -webkit-text-decoration-color: rgba(229, 231, 235, var(--tw-text-decoration-opacity));
    text-decoration-color: rgba(229, 231, 235, var(--tw-text-decoration-opacity));
  }
  .decoration-gray-200 {
    --tw-text-decoration-opacity: 1;
    -webkit-text-decoration-color: rgba(229, 231, 235, var(--tw-text-decoration-opacity));
    text-decoration-color: rgba(229, 231, 235, var(--tw-text-decoration-opacity));
  }
  .decoration-transparent {
    -webkit-text-decoration-color: transparent;
    text-decoration-color: transparent;
  }
  .underline-opacity-90 {
    --tw-line-opacity: 0.9;
  }
  .underline-offset-2 {
    text-underline-offset: 2px;
  }
  .underline-offset-auto {
    text-underline-offset: auto;
  }
  .underline-offset-3px {
    text-underline-offset: 3px;
  }
  .decoration-2 {
    text-decoration-thickness: 2px;
  }
  .decoration-3px {
    text-decoration-thickness: 3px;
  }
  .decoration-1rem {
    text-decoration-thickness: 1rem;
  }
  .decoration-auto {
    text-decoration-thickness: auto;
  }
  .underline {
    -webkit-text-decoration-line: underline;
    text-decoration-line: underline;
  }
  .overline {
    -webkit-text-decoration-line: overline;
    text-decoration-line: overline;
  }
  .line-through {
    -webkit-text-decoration-line: line-through;
    text-decoration-line: line-through;
  }
  .no-underline {
    text-decoration: none;
  }
Tools / text indent / css / 0: |-
  .indent {
    text-indent: 1.5rem;
  }
  .indent-sm {
    text-indent: 1rem;
  }
  .indent-lg {
    text-indent: 2rem;
  }
  .indent-2xl {
    text-indent: 3rem;
  }
  .indent-2em {
    text-indent: 2em;
  }
  .-indent-2em {
    text-indent: -2em;
  }
  .indent-1\/2 {
    text-indent: 50%;
  }
Tools / text shadow / css / 0: |-
  .text-shadow {
    text-shadow: 0px 0px 1px rgb(0 0 0 / 20%), 0px 0px 1px rgb(1 0 5 / 10%);
  }
  .text-shadow-none {
    text-shadow: none;
  }
  .text-shadow-sm {
    text-shadow: 1px 1px 3px rgb(36 37 47 / 25%);
  }
  .text-shadow-lg {
    text-shadow: 3px 3px 6px rgb(0 0 0 / 26%), 0 0 5px rgb(15 3 86 / 22%);
  }
Tools / text stroke width & stroke color / css / 0: |-
  .text-stroke {
    -webkit-text-stroke-color: #e5e7eb;
    -webkit-text-stroke-width: medium;
  }
  .text-stroke-gray-200 {
    --tw-text-stroke-opacity: 1;
    -webkit-text-stroke-color: rgba(229, 231, 235, var(--tw-text-stroke-opacity));
  }
  .text-stroke-sm {
    -webkit-text-stroke-width: thin;
  }
  .text-stroke-md {
    -webkit-text-stroke-width: medium;
  }
  .text-stroke-lg {
    -webkit-text-stroke-width: thick;
  }
  .text-stroke-2 {
    -webkit-text-stroke-width: 2px;
  }
  .text-stroke-3px {
    -webkit-text-stroke-width: 3px;
  }
Tools / touch-action / css / 0: |-
  .touch-auto {
    touch-action: auto;
  }
  .touch-none {
    touch-action: none;
  }
  .touch-pan-x {
    touch-action: pan-x;
  }
  .touch-pan-left {
    touch-action: pan-left;
  }
  .touch-pan-right {
    touch-action: pan-right;
  }
  .touch-pan-y {
    touch-action: pan-y;
  }
  .touch-pan-up {
    touch-action: pan-up;
  }
  .touch-pan-down {
    touch-action: pan-down;
  }
  .touch-pinch-zoom {
    touch-action: pinch-zoom;
  }
  .touch-manipulation {
    touch-action: manipulation;
  }
Tools / transform 3d / css / 0: |-
  .transform {
    --tw-translate-x: 0;
    --tw-translate-y: 0;
    --tw-translate-z: 0;
    --tw-rotate: 0;
    --tw-rotate-x: 0;
    --tw-rotate-y: 0;
    --tw-rotate-z: 0;
    --tw-skew-x: 0;
    --tw-skew-y: 0;
    --tw-scale-x: 1;
    --tw-scale-y: 1;
    --tw-scale-z: 1;
    -webkit-transform: translateX(var(--tw-translate-x)) translateY(var(--tw-translate-y)) translateZ(var(--tw-translate-z)) rotate(var(--tw-rotate)) rotateX(var(--tw-rotate-x)) rotateY(var(--tw-rotate-y)) rotateZ(var(--tw-rotate-z)) skewX(var(--tw-skew-x)) skewY(var(--tw-skew-y)) scaleX(var(--tw-scale-x)) scaleY(var(--tw-scale-y)) scaleZ(var(--tw-scale-z));
    -ms-transform: translateX(var(--tw-translate-x)) translateY(var(--tw-translate-y)) translateZ(var(--tw-translate-z)) rotate(var(--tw-rotate)) rotateX(var(--tw-rotate-x)) rotateY(var(--tw-rotate-y)) rotateZ(var(--tw-rotate-z)) skewX(var(--tw-skew-x)) skewY(var(--tw-skew-y)) scaleX(var(--tw-scale-x)) scaleY(var(--tw-scale-y)) scaleZ(var(--tw-scale-z));
    transform: translateX(var(--tw-translate-x)) translateY(var(--tw-translate-y)) translateZ(var(--tw-translate-z)) rotate(var(--tw-rotate)) rotateX(var(--tw-rotate-x)) rotateY(var(--tw-rotate-y)) rotateZ(var(--tw-rotate-z)) skewX(var(--tw-skew-x)) skewY(var(--tw-skew-y)) scaleX(var(--tw-scale-x)) scaleY(var(--tw-scale-y)) scaleZ(var(--tw-scale-z));
  }
  .transform-gpu {
    --tw-translate-x: 0;
    --tw-translate-y: 0;
    --tw-translate-z: 0;
    --tw-rotate: 0;
    --tw-rotate-x: 0;
    --tw-rotate-y: 0;
    --tw-rotate-z: 0;
    --tw-skew-x: 0;
    --tw-skew-y: 0;
    --tw-scale-x: 1;
    --tw-scale-y: 1;
    --tw-scale-z: 1;
    -webkit-transform: translate3d(var(--tw-translate-x), var(--tw-translate-y), var(--tw-translate-z)) rotate(var(--tw-rotate)) rotateX(var(--tw-rotate-x)) rotateY(var(--tw-rotate-y)) rotateZ(var(--tw-rotate-z)) skewX(var(--tw-skew-x)) skewY(var(--tw-skew-y)) scaleX(var(--tw-scale-x)) scaleY(var(--tw-scale-y)) scaleZ(var(--tw-scale-z));
    -ms-transform: translate3d(var(--tw-translate-x), var(--tw-translate-y), var(--tw-translate-z)) rotate(var(--tw-rotate)) rotateX(var(--tw-rotate-x)) rotateY(var(--tw-rotate-y)) rotateZ(var(--tw-rotate-z)) skewX(var(--tw-skew-x)) skewY(var(--tw-skew-y)) scaleX(var(--tw-scale-x)) scaleY(var(--tw-scale-y)) scaleZ(var(--tw-scale-z));
    transform: translate3d(var(--tw-translate-x), var(--tw-translate-y), var(--tw-translate-z)) rotate(var(--tw-rotate)) rotateX(var(--tw-rotate-x)) rotateY(var(--tw-rotate-y)) rotateZ(var(--tw-rotate-z)) skewX(var(--tw-skew-x)) skewY(var(--tw-skew-y)) scaleX(var(--tw-scale-x)) scaleY(var(--tw-scale-y)) scaleZ(var(--tw-scale-z));
  }
  .transform-none {
    -webkit-transform: none;
    -ms-transform: none;
    transform: none;
  }
  .scale-x-90 {
    --tw-scale-x: .9;
  }
  .scale-y-90 {
    --tw-scale-y: .9;
  }
  .scale-z-120 {
    --tw-scale-z: 1.2;
  }
  .rotate-45 {
    --tw-rotate: 45deg;
  }
  .-rotate-90 {
    --tw-rotate: -90deg;
  }
  .rotate-x-45 {
    --tw-rotate-x: 45deg;
  }
  .rotate-y-45 {
    --tw-rotate-y: 45deg;
  }
  .-rotate-y-90 {
    --tw-rotate-y: -90deg;
  }
  .rotate-z-45 {
    --tw-rotate-z: 45deg;
  }
  .-rotate-z-180 {
    --tw-rotate-z: -180deg;
  }
  .translate-x-6 {
    --tw-translate-x: 1.5rem;
  }
  .translate-y-6 {
    --tw-translate-y: 1.5rem;
  }
  .translate-z-6 {
    --tw-translate-z: 1.5rem;
  }
  .-translate-z-6 {
    --tw-translate-z: -1.5rem;
  }
Tools / transform rotateY / css / 0: |-
  .transform {
    --tw-translate-x: 0;
    --tw-translate-y: 0;
    --tw-translate-z: 0;
    --tw-rotate: 0;
    --tw-rotate-x: 0;
    --tw-rotate-y: 0;
    --tw-rotate-z: 0;
    --tw-skew-x: 0;
    --tw-skew-y: 0;
    --tw-scale-x: 1;
    --tw-scale-y: 1;
    --tw-scale-z: 1;
    -webkit-transform: translateX(var(--tw-translate-x)) translateY(var(--tw-translate-y)) translateZ(var(--tw-translate-z)) rotate(var(--tw-rotate)) rotateX(var(--tw-rotate-x)) rotateY(var(--tw-rotate-y)) rotateZ(var(--tw-rotate-z)) skewX(var(--tw-skew-x)) skewY(var(--tw-skew-y)) scaleX(var(--tw-scale-x)) scaleY(var(--tw-scale-y)) scaleZ(var(--tw-scale-z));
    -ms-transform: translateX(var(--tw-translate-x)) translateY(var(--tw-translate-y)) translateZ(var(--tw-translate-z)) rotate(var(--tw-rotate)) rotateX(var(--tw-rotate-x)) rotateY(var(--tw-rotate-y)) rotateZ(var(--tw-rotate-z)) skewX(var(--tw-skew-x)) skewY(var(--tw-skew-y)) scaleX(var(--tw-scale-x)) scaleY(var(--tw-scale-y)) scaleZ(var(--tw-scale-z));
    transform: translateX(var(--tw-translate-x)) translateY(var(--tw-translate-y)) translateZ(var(--tw-translate-z)) rotate(var(--tw-rotate)) rotateX(var(--tw-rotate-x)) rotateY(var(--tw-rotate-y)) rotateZ(var(--tw-rotate-z)) skewX(var(--tw-skew-x)) skewY(var(--tw-skew-y)) scaleX(var(--tw-scale-x)) scaleY(var(--tw-scale-y)) scaleZ(var(--tw-scale-z));
  }
  .rotate-45 {
    --tw-rotate: 45deg;
  }
  .rotate-y-180 {
    --tw-rotate-y: 180deg;
  }
  .-rotate-y-45 {
    --tw-rotate-y: -45deg;
  }
Tools / transition time handler / transition / 0: |-
  .duration-100ms {
    -webkit-transition-duration: 100ms;
    -o-transition-duration: 100ms;
    transition-duration: 100ms;
  }
  .duration-1\.5s {
    -webkit-transition-duration: 1.5s;
    -o-transition-duration: 1.5s;
    transition-duration: 1.5s;
  }
  .delay-150ms {
    -webkit-transition-delay: 150ms;
    -o-transition-delay: 150ms;
    transition-delay: 150ms;
  }
  .delay-2\.5s {
    -webkit-transition-delay: 2.5s;
    -o-transition-delay: 2.5s;
    transition-delay: 2.5s;
  }
Tools / will-change / css / 0: |-
  .will-change-auto {
    will-change: auto;
  }
  .will-change-scroll {
    will-change: scroll;
  }
  .will-change-contents {
    will-change: contents;
  }
  .will-change-transform {
    will-change: transform;
  }
Tools / wrap container / small container / 0: |-
  @media (min-width: 640px) {
    .sm\:container {
      width: 100%;
    }
    @media (min-width: 640px) {
      .sm\:container {
        max-width: 640px;
      }
    }
    @media (min-width: 768px) {
      .sm\:container {
        max-width: 768px;
      }
    }
    @media (min-width: 1024px) {
      .sm\:container {
        max-width: 1024px;
      }
    }
    @media (min-width: 1280px) {
      .sm\:container {
        max-width: 1280px;
      }
    }
    @media (min-width: 1536px) {
      .sm\:container {
        max-width: 1536px;
      }
    }
  }
