Tools / parse / class parser / 0: |-
  [
    {
      "raw": "font-bold",
      "start": 0,
      "end": 9,
      "variants": [],
      "content": "font-bold",
      "type": "utility",
      "important": false
    },
    {
      "raw": "text-green-300",
      "start": 10,
      "end": 24,
      "variants": [],
      "content": "text-green-300",
      "type": "utility",
      "important": false
    },
    {
      "raw": "dark:font-medium",
      "start": 25,
      "end": 41,
      "variants": [
        "dark"
      ],
      "content": "font-medium",
      "type": "utility",
      "important": false
    },
    {
      "raw": "dark:p-4",
      "start": 42,
      "end": 50,
      "variants": [
        "dark"
      ],
      "content": "p-4",
      "type": "utility",
      "important": false
    },
    {
      "raw": "-sm:border",
      "start": 51,
      "end": 61,
      "variants": [
        "-sm"
      ],
      "content": "border",
      "type": "utility",
      "important": false
    },
    {
      "raw": "+sm:float-right",
      "start": 62,
      "end": 77,
      "variants": [
        "+sm"
      ],
      "content": "float-right",
      "type": "utility",
      "important": false
    },
    {
      "raw": "md: hover:  (bg-black-300 text-gray-200   text-lg dark:(bg-black-300 text-gray-200))",
      "start": 78,
      "end": 162,
      "variants": [
        "md",
        "hover"
      ],
      "content": [
        {
          "raw": "bg-black-300",
          "start": 91,
          "end": 103,
          "variants": [],
          "content": "bg-black-300",
          "type": "utility",
          "important": false
        },
        {
          "raw": "text-gray-200",
          "start": 104,
          "end": 117,
          "variants": [],
          "content": "text-gray-200",
          "type": "utility",
          "important": false
        },
        {
          "raw": "text-lg",
          "start": 120,
          "end": 127,
          "variants": [],
          "content": "text-lg",
          "type": "utility",
          "important": false
        },
        {
          "raw": "dark:(bg-black-300 text-gray-200)",
          "start": 128,
          "end": 161,
          "variants": [
            "dark"
          ],
          "content": [
            {
              "raw": "bg-black-300",
              "start": 134,
              "end": 146,
              "variants": [],
              "content": "bg-black-300",
              "type": "utility",
              "important": false
            },
            {
              "raw": "text-gray-200",
              "start": 147,
              "end": 160,
              "variants": [],
              "content": "text-gray-200",
              "type": "utility",
              "important": false
            }
          ],
          "type": "group",
          "important": false
        }
      ],
      "type": "group",
      "important": false
    },
    {
      "raw": "md:text-red-500",
      "start": 163,
      "end": 178,
      "variants": [
        "md"
      ],
      "content": "text-red-500",
      "type": "utility",
      "important": false
    },
    {
      "raw": "hover:  text-red-300",
      "start": 179,
      "end": 199,
      "variants": [
        "hover"
      ],
      "content": "text-red-300",
      "type": "utility",
      "important": false
    },
    {
      "raw": "sm:hover:bg-red-500",
      "start": 215,
      "end": 234,
      "variants": [
        "sm",
        "hover"
      ],
      "content": "bg-red-500",
      "type": "utility",
      "important": false
    },
    {
      "raw": "dark:hover:bg-black-300",
      "start": 235,
      "end": 258,
      "variants": [
        "dark",
        "hover"
      ],
      "content": "bg-black-300",
      "type": "utility",
      "important": false
    },
    {
      "raw": "sm:dark:hover:bg-gray-300",
      "start": 259,
      "end": 284,
      "variants": [
        "sm",
        "dark",
        "hover"
      ],
      "content": "bg-gray-300",
      "type": "utility",
      "important": false
    },
    {
      "raw": "abc",
      "start": 285,
      "end": 288,
      "variants": [],
      "content": "abc",
      "type": "utility",
      "important": false
    },
    {
      "raw": "bg-cool-gray-300",
      "start": 289,
      "end": 305,
      "variants": [],
      "content": "bg-cool-gray-300",
      "type": "utility",
      "important": false
    },
    {
      "raw": "bg-hex-fff",
      "start": 306,
      "end": 316,
      "variants": [],
      "content": "bg-hex-fff",
      "type": "utility",
      "important": false
    }
  ]
Tools / parse alias / parse alias / 0: |-
  [
    {
      "raw": "font-bold",
      "start": 0,
      "end": 9,
      "variants": [],
      "content": "font-bold",
      "type": "utility",
      "important": false
    },
    {
      "raw": "*hstack",
      "start": 10,
      "end": 17,
      "variants": [],
      "content": "hstack",
      "type": "alias",
      "important": false
    },
    {
      "raw": "sm:(*vstack text-green-200)",
      "start": 18,
      "end": 45,
      "variants": [
        "sm"
      ],
      "content": [
        {
          "raw": "*vstack",
          "start": 22,
          "end": 29,
          "variants": [],
          "content": "vstack",
          "type": "alias",
          "important": false
        },
        {
          "raw": "text-green-200",
          "start": 30,
          "end": 44,
          "variants": [],
          "content": "text-green-200",
          "type": "utility",
          "important": false
        }
      ],
      "type": "group",
      "important": false
    }
  ]
Tools / parse bad class / bad classes / 0: |-
  [
    {
      "raw": "css",
      "start": 0,
      "end": 3,
      "variants": [],
      "content": "css",
      "type": "utility",
      "important": false
    },
    {
      "raw": "height:calc-(100",
      "start": 4,
      "end": 20,
      "variants": [],
      "content": "height:calc-(100",
      "type": "utility",
      "important": false
    },
    {
      "raw": "float-left",
      "start": 21,
      "end": 31,
      "variants": [],
      "content": "float-left",
      "type": "utility",
      "important": false
    },
    {
      "raw": "w-250px",
      "start": 32,
      "end": 39,
      "variants": [],
      "content": "w-250px",
      "type": "utility",
      "important": false
    },
    {
      "raw": "h-full",
      "start": 40,
      "end": 46,
      "variants": [],
      "content": "h-full",
      "type": "utility",
      "important": false
    },
    {
      "raw": "bg-hex-f7f7fa",
      "start": 47,
      "end": 60,
      "variants": [],
      "content": "bg-hex-f7f7fa",
      "type": "utility",
      "important": false
    },
    {
      "raw": "overflow-y-auto",
      "start": 61,
      "end": 76,
      "variants": [],
      "content": "overflow-y-auto",
      "type": "utility",
      "important": false
    },
    {
      "raw": "height:calc-(100)",
      "start": 77,
      "end": 94,
      "variants": [],
      "content": "height:calc-(100)",
      "type": "utility",
      "important": false
    }
  ]
Tools / parse bad class with bracket / bad bracket / 0: |-
  [
    {
      "raw": "xyz()",
      "start": 0,
      "end": 5,
      "variants": [],
      "content": "xyz()",
      "type": "utility",
      "important": false
    },
    {
      "raw": "p-5",
      "start": 6,
      "end": 9,
      "variants": [],
      "content": "p-5",
      "type": "utility",
      "important": false
    },
    {
      "raw": "bg-red-500",
      "start": 10,
      "end": 20,
      "variants": [],
      "content": "bg-red-500",
      "type": "utility",
      "important": false
    },
    {
      "raw": "xyz-()",
      "start": 21,
      "end": 27,
      "variants": [],
      "content": "xyz-()",
      "type": "utility",
      "important": false
    },
    {
      "raw": "xy-(",
      "start": 28,
      "end": 32,
      "variants": [],
      "content": "xy-(",
      "type": "utility",
      "important": false
    },
    {
      "raw": "xy)",
      "start": 33,
      "end": 36,
      "variants": [],
      "content": "xy)",
      "type": "utility",
      "important": false
    },
    {
      "raw": "bg-yellow-600",
      "start": 37,
      "end": 50,
      "variants": [],
      "content": "bg-yellow-600",
      "type": "utility",
      "important": false
    }
  ]
Tools / parse bad class with half bracket / bad half bracket / 0: |-
  [
    {
      "raw": "abc(",
      "start": 0,
      "end": 4,
      "variants": [],
      "content": "abc(",
      "type": "utility",
      "important": false
    },
    {
      "raw": "text-lg",
      "start": 5,
      "end": 12,
      "variants": [],
      "content": "text-lg",
      "type": "utility",
      "important": false
    },
    {
      "raw": "font-bold",
      "start": 13,
      "end": 22,
      "variants": [],
      "content": "font-bold",
      "type": "utility",
      "important": false
    }
  ]
Tools / parse bad class with quotes / bad classes / 0: |-
  [
    {
      "raw": "${",
      "start": 0,
      "end": 2,
      "variants": [],
      "content": "${",
      "type": "utility",
      "important": false
    },
    {
      "raw": "active",
      "start": 3,
      "end": 9,
      "variants": [],
      "content": "active",
      "type": "utility",
      "important": false
    },
    {
      "raw": "?",
      "start": 10,
      "end": 11,
      "variants": [],
      "content": "?",
      "type": "utility",
      "important": false
    },
    {
      "raw": "text-green-400",
      "start": 13,
      "end": 27,
      "variants": [],
      "content": "text-green-400",
      "type": "utility",
      "important": false
    },
    {
      "raw": ":",
      "start": 29,
      "end": 30,
      "variants": [],
      "content": ":",
      "type": "utility",
      "important": false
    },
    {
      "raw": "text-orange-400",
      "start": 32,
      "end": 47,
      "variants": [],
      "content": "text-orange-400",
      "type": "utility",
      "important": false
    },
    {
      "raw": "}",
      "start": 49,
      "end": 50,
      "variants": [],
      "content": "}",
      "type": "utility",
      "important": false
    }
  ]
Tools / parse function with parameter deconstruction / jsx function component / 0: |-
  [
    {
      "raw": "function",
      "start": 0,
      "end": 8,
      "variants": [],
      "content": "function",
      "type": "utility",
      "important": false
    },
    {
      "raw": "ComponentA({",
      "start": 9,
      "end": 21,
      "variants": [],
      "content": "ComponentA({",
      "type": "utility",
      "important": false
    },
    {
      "raw": "name",
      "start": 22,
      "end": 26,
      "variants": [],
      "content": "name",
      "type": "utility",
      "important": false
    },
    {
      "raw": "}",
      "start": 27,
      "end": 28,
      "variants": [],
      "content": "}",
      "type": "utility",
      "important": false
    },
    {
      "raw": "Props",
      "start": 29,
      "end": 34,
      "variants": [],
      "content": "Props",
      "type": "utility",
      "important": false
    },
    {
      "raw": "{",
      "start": 36,
      "end": 37,
      "variants": [],
      "content": "{",
      "type": "utility",
      "important": false
    },
    {
      "raw": "return",
      "start": 38,
      "end": 44,
      "variants": [],
      "content": "return",
      "type": "utility",
      "important": false
    },
    {
      "raw": "div",
      "start": 45,
      "end": 48,
      "variants": [],
      "content": "div",
      "type": "utility",
      "important": false
    },
    {
      "raw": "className=",
      "start": 49,
      "end": 59,
      "variants": [],
      "content": "className=",
      "type": "utility",
      "important": false
    },
    {
      "raw": "grid",
      "start": 60,
      "end": 64,
      "variants": [],
      "content": "grid",
      "type": "utility",
      "important": false
    }
  ]
Tools / parse important / parse important / 0: |-
  [
    {
      "raw": "!text-green-300",
      "start": 0,
      "end": 15,
      "variants": [],
      "content": "text-green-300",
      "type": "utility",
      "important": true
    },
    {
      "raw": "font-bold",
      "start": 16,
      "end": 25,
      "variants": [],
      "content": "font-bold",
      "type": "utility",
      "important": false
    },
    {
      "raw": "!hover:(p-4 bg-red-500)",
      "start": 26,
      "end": 49,
      "variants": [
        "hover"
      ],
      "content": [
        {
          "raw": "p-4",
          "start": 34,
          "end": 37,
          "variants": [],
          "content": "p-4",
          "type": "utility",
          "important": false
        },
        {
          "raw": "bg-red-500",
          "start": 38,
          "end": 48,
          "variants": [],
          "content": "bg-red-500",
          "type": "utility",
          "important": false
        }
      ],
      "type": "group",
      "important": true
    },
    {
      "raw": "focus:(!border float-right)",
      "start": 50,
      "end": 77,
      "variants": [
        "focus"
      ],
      "content": [
        {
          "raw": "!border",
          "start": 57,
          "end": 64,
          "variants": [],
          "content": "border",
          "type": "utility",
          "important": true
        },
        {
          "raw": "float-right",
          "start": 65,
          "end": 76,
          "variants": [],
          "content": "float-right",
          "type": "utility",
          "important": false
        }
      ],
      "type": "group",
      "important": false
    }
  ]
