Tools / parse attributes / attr / 0: |-
  [
    {
      "raw": "container=\"~\"",
      "key": "container",
      "value": "~",
      "start": 5,
      "end": 18
    },
    {
      "raw": "min-h=\"screen\"",
      "key": "min-h",
      "value": "screen",
      "start": 19,
      "end": 33
    },
    {
      "raw": "bg=\"gray-100\"",
      "key": "bg",
      "value": "gray-100",
      "start": 34,
      "end": 47
    },
    {
      "raw": "flex=\"~ col\"",
      "key": "flex",
      "value": [
        "~",
        "col"
      ],
      "start": 48,
      "end": 60
    },
    {
      "raw": "justify=\"center\"",
      "key": "justify",
      "value": "center",
      "start": 61,
      "end": 77
    },
    {
      "raw": "p=\"y-6 sm:y-12 md:y-0 lg:y-2 xl:y-4\"",
      "key": "p",
      "value": [
        "y-6",
        "sm:y-12",
        "md:y-0",
        "lg:y-2",
        "xl:y-4"
      ],
      "start": 78,
      "end": 114
    },
    {
      "raw": "pos=\"relative\"",
      "key": "pos",
      "value": "relative",
      "start": 123,
      "end": 137
    },
    {
      "raw": "w=\"sm:max-xl\"",
      "key": "w",
      "value": "sm:max-xl",
      "start": 138,
      "end": 151
    },
    {
      "raw": "p=\"y-3\"",
      "key": "p",
      "value": "y-3",
      "start": 152,
      "end": 159
    },
    {
      "raw": "m=\"sm:x-auto\"",
      "key": "m",
      "value": "sm:x-auto",
      "start": 160,
      "end": 173
    },
    {
      "raw": "pos=\"absolute inset-0\"",
      "key": "pos",
      "value": [
        "absolute",
        "inset-0"
      ],
      "start": 184,
      "end": 206
    },
    {
      "raw": "gradient=\"to-r from-cyan-400 to-light-blue-500\"",
      "key": "gradient",
      "value": [
        "to-r",
        "from-cyan-400",
        "to-light-blue-500"
      ],
      "start": 207,
      "end": 254
    },
    {
      "raw": "shadow=\"lg\"",
      "key": "shadow",
      "value": "lg",
      "start": 255,
      "end": 266
    },
    {
      "raw": "transform=\"~ -skew-y-6 sm:skew-y-0 sm:-rotate-6\"",
      "key": "transform",
      "value": [
        "~",
        "-skew-y-6",
        "sm:skew-y-0",
        "sm:-rotate-6"
      ],
      "start": 267,
      "end": 315
    },
    {
      "raw": "border=\"sm:rounded-3xl\"",
      "key": "border",
      "value": "sm:rounded-3xl",
      "start": 316,
      "end": 339
    },
    {
      "raw": "pos=\"relative\"",
      "key": "pos",
      "value": "relative",
      "start": 361,
      "end": 375
    },
    {
      "raw": "p=\"x-4 y-10 sm:20\"",
      "key": "p",
      "value": [
        "x-4",
        "y-10",
        "sm:20"
      ],
      "start": 376,
      "end": 394
    },
    {
      "raw": "bg=\"white\"",
      "key": "bg",
      "value": "white",
      "start": 395,
      "end": 405
    },
    {
      "raw": "shadow=\"lg\"",
      "key": "shadow",
      "value": "lg",
      "start": 406,
      "end": 417
    },
    {
      "raw": "border=\"sm:rounded-3xl\"",
      "key": "border",
      "value": "sm:rounded-3xl",
      "start": 418,
      "end": 441
    },
    {
      "raw": "m=\"x-auto\"",
      "key": "m",
      "value": "x-auto",
      "start": 454,
      "end": 464
    },
    {
      "raw": "w=\"max-md\"",
      "key": "w",
      "value": "max-md",
      "start": 465,
      "end": 475
    },
    {
      "raw": "src=\"/img/logo.svg\"",
      "key": "src",
      "value": "/img/logo.svg",
      "start": 506,
      "end": 525
    },
    {
      "raw": "h=\"7 sm:8\"",
      "key": "h",
      "value": [
        "7",
        "sm:8"
      ],
      "start": 526,
      "end": 536
    },
    {
      "raw": "divide=\"y gray-200\"",
      "key": "divide",
      "value": [
        "y",
        "gray-200"
      ],
      "start": 567,
      "end": 586
    },
    {
      "raw": "text=\"base sm:lg gray-700\"",
      "key": "text",
      "value": [
        "base",
        "sm:lg",
        "gray-700"
      ],
      "start": 603,
      "end": 629
    },
    {
      "raw": "font=\"leading-6 sm:leading-7\"",
      "key": "font",
      "value": [
        "leading-6",
        "sm:leading-7"
      ],
      "start": 630,
      "end": 659
    },
    {
      "raw": "p=\"y-8\"",
      "key": "p",
      "value": "y-8",
      "start": 660,
      "end": 667
    },
    {
      "raw": "space=\"y-4\"",
      "key": "space",
      "value": "y-4",
      "start": 668,
      "end": 679
    },
    {
      "raw": "list=\"disc\"",
      "key": "list",
      "value": "disc",
      "start": 796,
      "end": 807
    },
    {
      "raw": "space=\"y-2\"",
      "key": "space",
      "value": "y-2",
      "start": 808,
      "end": 819
    },
    {
      "raw": "flex=~",
      "key": "flex",
      "value": "~",
      "start": 839,
      "end": 845
    },
    {
      "raw": "items=\"start\"",
      "key": "items",
      "value": "start",
      "start": 846,
      "end": 859
    },
    {
      "raw": "h=\"6 sm:7\"",
      "key": "h",
      "value": [
        "6",
        "sm:7"
      ],
      "start": 883,
      "end": 893
    },
    {
      "raw": "flex=\"~\"",
      "key": "flex",
      "value": "~",
      "start": 894,
      "end": 902
    },
    {
      "raw": "items=\"center\"",
      "key": "items",
      "value": "center",
      "start": 903,
      "end": 917
    },
    {
      "raw": "flex=\"shrink-0\"",
      "key": "flex",
      "value": "shrink-0",
      "start": 942,
      "end": 957
    },
    {
      "raw": "h=5",
      "key": "h",
      "value": "5",
      "start": 958,
      "end": 961
    },
    {
      "raw": "w=5",
      "key": "w",
      "value": "5",
      "start": 962,
      "end": 965
    },
    {
      "raw": "text=\"cyan-500\"",
      "key": "text",
      "value": "cyan-500",
      "start": 966,
      "end": 981
    },
    {
      "raw": "viewBox=\"0 0 20 20\"",
      "key": "viewBox",
      "value": [
        "0",
        "0",
        "20",
        "20"
      ],
      "start": 982,
      "end": 1001
    },
    {
      "raw": "fill=\"currentColor\"",
      "key": "fill",
      "value": "currentColor",
      "start": 1002,
      "end": 1021
    },
    {
      "raw": "fill-rule=\"evenodd\"",
      "key": "fill-rule",
      "value": "evenodd",
      "start": 1049,
      "end": 1068
    },
    {
      "raw": "d=\"M10 18a8 8 0 100-16 8 8 0 000 16zm3.707-9.293a1 1 0 00-1.414-1.414L9 10.586 7.707 9.293a1 1 0 00-1.414 1.414l2 2a1 1 0 001.414 0l4-4z\"",
      "key": "d",
      "value": [
        "M10",
        "18a8",
        "8",
        "0",
        "100-16",
        "8",
        "8",
        "0",
        "000",
        "16zm3.707-9.293a1",
        "1",
        "0",
        "00-1.414-1.414L9",
        "10.586",
        "7.707",
        "9.293a1",
        "1",
        "0",
        "00-1.414",
        "1.414l2",
        "2a1",
        "1",
        "0",
        "001.414",
        "0l4-4z"
      ],
      "start": 1091,
      "end": 1228
    },
    {
      "raw": "clip-rule=\"evenodd\"",
      "key": "clip-rule",
      "value": "evenodd",
      "start": 1251,
      "end": 1270
    },
    {
      "raw": "class=\"ml-2\"",
      "key": "class",
      "value": "ml-2",
      "start": 1342,
      "end": 1354
    },
    {
      "raw": "class=\"text-sm font-bold text-gray-900\"",
      "key": "class",
      "value": [
        "text-sm",
        "font-bold",
        "text-gray-900"
      ],
      "start": 1415,
      "end": 1454
    },
    {
      "raw": "flex=\"~\"",
      "key": "flex",
      "value": "~",
      "start": 1542,
      "end": 1550
    },
    {
      "raw": "items=\"start\"",
      "key": "items",
      "value": "start",
      "start": 1551,
      "end": 1564
    },
    {
      "raw": "flex=\"~\"",
      "key": "flex",
      "value": "~",
      "start": 1588,
      "end": 1596
    },
    {
      "raw": "items=\"center\"",
      "key": "items",
      "value": "center",
      "start": 1597,
      "end": 1611
    },
    {
      "raw": "h=\"6 sm:7\"",
      "key": "h",
      "value": [
        "6",
        "sm:7"
      ],
      "start": 1612,
      "end": 1622
    },
    {
      "raw": "flex=\"shrink-0\"",
      "key": "flex",
      "value": "shrink-0",
      "start": 1647,
      "end": 1662
    },
    {
      "raw": "h=5",
      "key": "h",
      "value": "5",
      "start": 1663,
      "end": 1666
    },
    {
      "raw": "w=5",
      "key": "w",
      "value": "5",
      "start": 1667,
      "end": 1670
    },
    {
      "raw": "text=cyan-500",
      "key": "text",
      "value": "cyan-500",
      "start": 1671,
      "end": 1684
    },
    {
      "raw": "viewBox=\"0 0 20 20\"",
      "key": "viewBox",
      "value": [
        "0",
        "0",
        "20",
        "20"
      ],
      "start": 1685,
      "end": 1704
    },
    {
      "raw": "fill=\"currentColor\"",
      "key": "fill",
      "value": "currentColor",
      "start": 1705,
      "end": 1724
    },
    {
      "raw": "fill-rule=\"evenodd\"",
      "key": "fill-rule",
      "value": "evenodd",
      "start": 1752,
      "end": 1771
    },
    {
      "raw": "d=\"M10 18a8 8 0 100-16 8 8 0 000 16zm3.707-9.293a1 1 0 00-1.414-1.414L9 10.586 7.707 9.293a1 1 0 00-1.414 1.414l2 2a1 1 0 001.414 0l4-4z\"",
      "key": "d",
      "value": [
        "M10",
        "18a8",
        "8",
        "0",
        "100-16",
        "8",
        "8",
        "0",
        "000",
        "16zm3.707-9.293a1",
        "1",
        "0",
        "00-1.414-1.414L9",
        "10.586",
        "7.707",
        "9.293a1",
        "1",
        "0",
        "00-1.414",
        "1.414l2",
        "2a1",
        "1",
        "0",
        "001.414",
        "0l4-4z"
      ],
      "start": 1794,
      "end": 1931
    },
    {
      "raw": "clip-rule=\"evenodd\"",
      "key": "clip-rule",
      "value": "evenodd",
      "start": 1954,
      "end": 1973
    },
    {
      "raw": "m=l-2",
      "key": "m",
      "value": "l-2",
      "start": 2045,
      "end": 2050
    },
    {
      "raw": "font=\"bold\"",
      "key": "font",
      "value": "bold",
      "start": 2118,
      "end": 2129
    },
    {
      "raw": "text=\"sm gray-900\"",
      "key": "text",
      "value": [
        "sm",
        "gray-900"
      ],
      "start": 2130,
      "end": 2148
    },
    {
      "raw": "flex=\"~\"",
      "key": "flex",
      "value": "~",
      "start": 2222,
      "end": 2230
    },
    {
      "raw": "items=\"start\"",
      "key": "items",
      "value": "start",
      "start": 2231,
      "end": 2244
    },
    {
      "raw": "flex=\"~\"",
      "key": "flex",
      "value": "~",
      "start": 2268,
      "end": 2276
    },
    {
      "raw": "items=\"center\"",
      "key": "items",
      "value": "center",
      "start": 2277,
      "end": 2291
    },
    {
      "raw": "h=\"6 sm:7\"",
      "key": "h",
      "value": [
        "6",
        "sm:7"
      ],
      "start": 2292,
      "end": 2302
    },
    {
      "raw": "class=\"flex-shrink-0 h-5 w-5 text-cyan-500\"",
      "key": "class",
      "value": [
        "flex-shrink-0",
        "h-5",
        "w-5",
        "text-cyan-500"
      ],
      "start": 2327,
      "end": 2370
    },
    {
      "raw": "viewBox=\"0 0 20 20\"",
      "key": "viewBox",
      "value": [
        "0",
        "0",
        "20",
        "20"
      ],
      "start": 2371,
      "end": 2390
    },
    {
      "raw": "fill=\"currentColor\"",
      "key": "fill",
      "value": "currentColor",
      "start": 2391,
      "end": 2410
    },
    {
      "raw": "fill-rule=\"evenodd\"",
      "key": "fill-rule",
      "value": "evenodd",
      "start": 2438,
      "end": 2457
    },
    {
      "raw": "d=\"M10 18a8 8 0 100-16 8 8 0 000 16zm3.707-9.293a1 1 0 00-1.414-1.414L9 10.586 7.707 9.293a1 1 0 00-1.414 1.414l2 2a1 1 0 001.414 0l4-4z\"",
      "key": "d",
      "value": [
        "M10",
        "18a8",
        "8",
        "0",
        "100-16",
        "8",
        "8",
        "0",
        "000",
        "16zm3.707-9.293a1",
        "1",
        "0",
        "00-1.414-1.414L9",
        "10.586",
        "7.707",
        "9.293a1",
        "1",
        "0",
        "00-1.414",
        "1.414l2",
        "2a1",
        "1",
        "0",
        "001.414",
        "0l4-4z"
      ],
      "start": 2480,
      "end": 2617
    },
    {
      "raw": "clip-rule=\"evenodd\"",
      "key": "clip-rule",
      "value": "evenodd",
      "start": 2640,
      "end": 2659
    },
    {
      "raw": "m=\"l-2\"",
      "key": "m",
      "value": "l-2",
      "start": 2731,
      "end": 2738
    },
    {
      "raw": "text=\"base sm:lg\"",
      "key": "text",
      "value": [
        "base",
        "sm:lg"
      ],
      "start": 2988,
      "end": 3005
    },
    {
      "raw": "p=\"t-6\"",
      "key": "p",
      "value": "t-6",
      "start": 3006,
      "end": 3013
    },
    {
      "raw": "font=\"bold leading-6 sm:leading-7\"",
      "key": "font",
      "value": [
        "bold",
        "leading-6",
        "sm:leading-7"
      ],
      "start": 3014,
      "end": 3048
    },
    {
      "raw": "href=\"https://windicss.org/utilities\"",
      "key": "href",
      "value": "https://windicss.org/utilities",
      "start": 3133,
      "end": 3170
    },
    {
      "raw": "text=\"cyan-600 hover:cyan-700\"",
      "key": "text",
      "value": [
        "cyan-600",
        "hover:cyan-700"
      ],
      "start": 3171,
      "end": 3201
    }
  ]
Tools / parse classes / class / 0: |-
  [
    {
      "result": "container min-h-screen bg-gray-100 py-6 flex flex-col justify-center sm:py-12 md:py-0 lg:py-2 xl:py-4",
      "start": 12,
      "end": 113
    },
    {
      "result": "relative py-3 sm:max-w-xl sm:mx-auto",
      "start": 130,
      "end": 166
    },
    {
      "result": "absolute inset-0 bg-gradient-to-r from-cyan-400 to-light-blue-500 shadow-lg transform -skew-y-6 sm:skew-y-0 sm:-rotate-6 sm:rounded-3xl",
      "start": 185,
      "end": 320
    },
    {
      "result": "relative px-4 py-10 bg-white shadow-lg sm:rounded-3xl sm:p-20",
      "start": 350,
      "end": 411
    },
    {
      "result": "max-w-md mx-auto",
      "start": 432,
      "end": 448
    },
    {
      "result": "h-7 sm:h-8",
      "start": 507,
      "end": 517
    },
    {
      "result": "divide-y divide-gray-200",
      "start": 557,
      "end": 581
    },
    {
      "result": "py-8 text-base leading-6 space-y-4 text-gray-700 sm:text-lg sm:leading-7",
      "start": 606,
      "end": 678
    },
    {
      "result": "list-disc space-y-2",
      "start": 803,
      "end": 822
    },
    {
      "result": "flex items-start",
      "start": 850,
      "end": 866
    },
    {
      "result": "h-6 flex items-center sm:h-7",
      "start": 898,
      "end": 926
    },
    {
      "result": "flex-shrink-0 h-5 w-5 text-cyan-500",
      "start": 959,
      "end": 994
    },
    {
      "result": "ml-2",
      "start": 1363,
      "end": 1367
    },
    {
      "result": "text-sm font-bold text-gray-900",
      "start": 1436,
      "end": 1467
    },
    {
      "result": "flex items-start",
      "start": 1563,
      "end": 1579
    },
    {
      "result": "h-6 flex items-center sm:h-7",
      "start": 1611,
      "end": 1639
    },
    {
      "result": "flex-shrink-0 h-5 w-5 text-cyan-500",
      "start": 1672,
      "end": 1707
    },
    {
      "result": "ml-2",
      "start": 2076,
      "end": 2080
    },
    {
      "result": "text-sm font-bold text-gray-900",
      "start": 2156,
      "end": 2187
    },
    {
      "result": "flex items-start",
      "start": 2269,
      "end": 2285
    },
    {
      "result": "h-6 flex items-center sm:h-7",
      "start": 2317,
      "end": 2345
    },
    {
      "result": "flex-shrink-0 h-5 w-5 text-cyan-500",
      "start": 2378,
      "end": 2413
    },
    {
      "result": "ml-2",
      "start": 2781,
      "end": 2785
    },
    {
      "result": "pt-6 text-base leading-6 font-bold sm:text-lg sm:leading-7",
      "start": 3042,
      "end": 3100
    },
    {
      "result": "text-cyan-600 hover:text-cyan-700",
      "start": 3231,
      "end": 3264
    }
  ]
Tools / parse jsx syntax / class / 0: |-
  [
    {
      "result": "z-20 bg-green-600 ${variable}",
      "start": 8,
      "end": 37
    }
  ]
Tools / parse jsx syntax / className / 1: |-
  [
    {
      "result": "css`height:calc(100",
      "start": 16,
      "end": 35
    },
    {
      "result": "float-left w-250px h-full bg-hex-f7f7fa overflow-y-auto",
      "start": 63,
      "end": 118
    }
  ]
Tools / parse tags / tag / 0: |-
  [
    "div",
    "img",
    "p",
    "ul",
    "li",
    "span",
    "svg",
    "path",
    "code",
    "a"
  ]
