Tools / processor prefix / css / 1: |-
  .bg-clip-padding {
    background-clip: padding-box;
  }
  .bg-gradient-to-bl {
    background-image: linear-gradient(to bottom left, var(--tw-gradient-stops));
  }
  .flex {
    display: flex;
  }
  .grow {
    flex-grow: 1;
  }
  .shrink {
    flex-shrink: 1;
  }
  .placeholder-gray-200::placeholder {
    --tw-placeholder-opacity: 1;
    color: rgba(229, 231, 235, var(--tw-placeholder-opacity));
  }
  @keyframes ping {
    0% {
      transform: scale(1);
      opacity: 1;
    }
    75%, 100% {
      transform: scale(2);
      opacity: 0;
    }
  }
  .animate-ping {
    animation: ping 1s cubic-bezier(0, 0, 0.2, 1) infinite;
  }
Tools / processor prefix / line-clamp-2 / 2: |-
  .line-clamp-2 {
    overflow: hidden;
  }
Tools / processor prefix / preflight / 0: |-
  *, ::before, ::after {
    -webkit-box-sizing: border-box;
    box-sizing: border-box;
    border-width: 0;
    border-style: solid;
    border-color: #e5e7eb;
  }
  * {
    --tw-ring-inset: var(--tw-empty,/*!*/ /*!*/);
    --tw-ring-offset-width: 0px;
    --tw-ring-offset-color: #fff;
    --tw-ring-color: rgba(59, 130, 246, 0.5);
    --tw-ring-offset-shadow: 0 0 #0000;
    --tw-ring-shadow: 0 0 #0000;
    --tw-shadow: 0 0 #0000;
  }
  :root {
    -moz-tab-size: 4;
    -o-tab-size: 4;
    tab-size: 4;
  }
  :-moz-focusring {
    outline: 1px dotted ButtonText;
  }
  :-moz-ui-invalid {
    box-shadow: none;
  }
  ::moz-focus-inner {
    border-style: none;
    padding: 0;
  }
  ::-webkit-inner-spin-button, ::-webkit-outer-spin-button {
    height: auto;
  }
  ::-webkit-search-decoration {
    -webkit-appearance: none;
  }
  ::-webkit-file-upload-button {
    -webkit-appearance: button;
    font: inherit;
  }
  [type='search'] {
    -webkit-appearance: textfield;
    outline-offset: -2px;
  }
  abbr[title] {
    -webkit-text-decoration: underline dotted;
    text-decoration: underline dotted;
  }
  body {
    margin: 0;
    font-family: inherit;
    line-height: inherit;
  }
  html {
    -webkit-text-size-adjust: 100%;
    font-family: ui-sans-serif,system-ui,-apple-system,BlinkMacSystemFont,"Segoe UI",Roboto,"Helvetica Neue",Arial,"Noto Sans",sans-serif,"Apple Color Emoji","Segoe UI Emoji","Segoe UI Symbol","Noto Color Emoji";
    line-height: 1.5;
  }
  a {
    color: inherit;
    text-decoration: inherit;
  }
  b, strong {
    font-weight: bolder;
  }
  button, input, optgroup, select, textarea {
    font-family: inherit;
    font-size: 100%;
    line-height: 1.15;
    margin: 0;
    padding: 0;
    line-height: inherit;
    color: inherit;
  }
  button, select {
    text-transform: none;
  }
  button, [type='button'], [type='reset'], [type='submit'] {
    -webkit-appearance: button;
  }
  blockquote, dl, dd, h1, h2, h3, h4, h5, h6, hr, figure, p, pre {
    margin: 0;
  }
  button {
    background-color: transparent;
    background-image: none;
  }
  button, [role="button"] {
    cursor: pointer;
  }
  code, kbd, samp, pre {
    font-size: 1em;
  }
  fieldset {
    margin: 0;
    padding: 0;
  }
  hr {
    height: 0;
    color: inherit;
    border-top-width: 1px;
  }
  h1, h2, h3, h4, h5, h6 {
    font-size: inherit;
    font-weight: inherit;
  }
  img {
    border-style: solid;
  }
  input::placeholder {
    opacity: 1;
    color: #9ca3af;
  }
  img, svg, video, canvas, audio, iframe, embed, object {
    display: block;
    vertical-align: middle;
  }
  img, video {
    max-width: 100%;
    height: auto;
  }
  legend {
    padding: 0;
  }
  ol, ul {
    list-style: none;
    margin: 0;
    padding: 0;
  }
  progress {
    vertical-align: baseline;
  }
  pre, code, kbd, samp {
    font-family: ui-monospace,SFMono-Regular,Menlo,Monaco,Consolas,"Liberation Mono","Courier New",monospace;
  }
  small {
    font-size: 80%;
  }
  sub, sup {
    font-size: 75%;
    line-height: 0;
    position: relative;
    vertical-align: baseline;
  }
  sub {
    bottom: -0.25em;
  }
  sup {
    top: -0.5em;
  }
  summary {
    display: list-item;
  }
  table {
    text-indent: 0;
    border-color: inherit;
    border-collapse: collapse;
  }
  textarea {
    resize: vertical;
  }
  textarea::placeholder {
    opacity: 1;
    color: #9ca3af;
  }
Tools / styleSheet prefix / css / 0: |-
  .flex {
    display: flex;
  }
  .bg-clip-padding {
    background-clip: padding-box;
  }
