Tools / should load all plugins correctly / css / 0: |-
  .container {
    width: 100%;
  }
  @media (min-width: 480px) {
    .container {
      max-width: 480px;
    }
  }
  @media (min-width: 768px) {
    .container {
      max-width: 768px;
    }
  }
  @media (min-width: 976px) {
    .container {
      max-width: 976px;
    }
  }
  @media (min-width: 1440px) {
    .container {
      max-width: 1440px;
    }
  }
  .prose {
    color: #374151;
    max-width: 65ch;
    font-size: 1rem;
    line-height: 1.75;
  }
  .prose [class~="lead"] {
    color: #4b5563;
    font-size: 1.25em;
    line-height: 1.6;
    margin-top: 1.2em;
    margin-bottom: 1.2em;
  }
  .prose a {
    color: #111827;
    text-decoration: underline;
    font-weight: 500;
  }
  .prose strong {
    color: #111827;
    font-weight: 600;
  }
  .prose ol[type="A"] {
    --list-counter-style: upper-alpha;
  }
  .prose ol[type="a"] {
    --list-counter-style: lower-alpha;
  }
  .prose ol[type="A s"] {
    --list-counter-style: upper-alpha;
  }
  .prose ol[type="a s"] {
    --list-counter-style: lower-alpha;
  }
  .prose ol[type="I"] {
    --list-counter-style: upper-roman;
  }
  .prose ol[type="i"] {
    --list-counter-style: lower-roman;
  }
  .prose ol[type="I s"] {
    --list-counter-style: upper-roman;
  }
  .prose ol[type="i s"] {
    --list-counter-style: lower-roman;
  }
  .prose ol[type="1"] {
    --list-counter-style: decimal;
  }
  .prose ol > li {
    position: relative;
    padding-left: 1.75em;
  }
  .prose ol > li::before {
    content: counter(list-item, var(--list-counter-style, decimal)) ".";
    position: absolute;
    font-weight: 400;
    color: #6b7280;
    left: 0;
  }
  .prose ul > li {
    position: relative;
    padding-left: 1.75em;
  }
  .prose ul > li::before {
    content: "";
    position: absolute;
    background-color: #d1d5db;
    border-radius: 50%;
    width: 0.375em;
    height: 0.375em;
    top: calc(0.875em - 0.1875em);
    left: 0.25em;
  }
  .prose hr {
    border-color: #e5e7eb;
    margin-top: 3em;
    margin-bottom: 3em;
  }
  .prose blockquote {
    font-weight: 500;
    font-style: italic;
    color: #111827;
    border-left-width: 0.25rem;
    border-color: #e5e7eb;
    quotes: "\201C""\201D""\2018""\2019";
    margin-top: 1.6em;
    margin-bottom: 1.6em;
    padding-left: 1em;
  }
  .prose blockquote p:first-of-type::before {
    content: open-quote;
  }
  .prose blockquote p:last-of-type::after {
    content: close-quote;
  }
  .prose h1 {
    color: #111827;
    font-weight: 800;
    font-size: 2.25em;
    margin-top: 0;
    margin-bottom: 0.8888889em;
    line-height: 1.1111111;
  }
  .prose h2 {
    color: #111827;
    font-weight: 700;
    font-size: 1.5em;
    margin-top: 2em;
    margin-bottom: 1em;
    line-height: 1.3333333;
  }
  .prose h3 {
    color: #111827;
    font-weight: 600;
    font-size: 1.25em;
    margin-top: 1.6em;
    margin-bottom: 0.6em;
    line-height: 1.6;
  }
  .prose h4 {
    color: #111827;
    font-weight: 600;
    margin-top: 1.5em;
    margin-bottom: 0.5em;
    line-height: 1.5;
  }
  .prose figure figcaption {
    color: #6b7280;
    font-size: 0.875em;
    line-height: 1.4285714;
    margin-top: 0.8571429em;
  }
  .prose code {
    color: #111827;
    font-weight: 600;
    font-size: 0.875em;
  }
  .prose code::before {
    content: "`";
  }
  .prose code::after {
    content: "`";
  }
  .prose a code {
    color: #111827;
  }
  .prose pre {
    color: #e5e7eb;
    background-color: #1f2937;
    overflow-x: auto;
    font-size: 0.875em;
    line-height: 1.7142857;
    margin-top: 1.7142857em;
    margin-bottom: 1.7142857em;
    border-radius: 0.375rem;
    padding-top: 0.8571429em;
    padding-right: 1.1428571em;
    padding-bottom: 0.8571429em;
    padding-left: 1.1428571em;
  }
  .prose pre code {
    background-color: transparent;
    border-width: 0;
    border-radius: 0;
    padding: 0;
    font-weight: 400;
    color: inherit;
    font-size: inherit;
    font-family: inherit;
    line-height: inherit;
  }
  .prose pre code::before {
    content: none;
  }
  .prose pre code::after {
    content: none;
  }
  .prose table {
    width: 100%;
    table-layout: auto;
    text-align: left;
    margin-top: 2em;
    margin-bottom: 2em;
    font-size: 0.875em;
    line-height: 1.7142857;
  }
  .prose thead {
    color: #111827;
    font-weight: 600;
    border-bottom-width: 1px;
    border-bottom-color: #d1d5db;
  }
  .prose thead th {
    vertical-align: bottom;
    padding-right: 0.5714286em;
    padding-bottom: 0.5714286em;
    padding-left: 0.5714286em;
  }
  .prose tbody tr {
    border-bottom-width: 1px;
    border-bottom-color: #e5e7eb;
  }
  .prose tbody tr:last-child {
    border-bottom-width: 0;
  }
  .prose tbody td {
    vertical-align: top;
    padding-top: 0.5714286em;
    padding-right: 0.5714286em;
    padding-bottom: 0.5714286em;
    padding-left: 0.5714286em;
  }
  .prose p {
    margin-top: 1.25em;
    margin-bottom: 1.25em;
  }
  .prose img {
    margin-top: 2em;
    margin-bottom: 2em;
  }
  .prose video {
    margin-top: 2em;
    margin-bottom: 2em;
  }
  .prose figure {
    margin-top: 2em;
    margin-bottom: 2em;
  }
  .prose figure > * {
    margin-top: 0;
    margin-bottom: 0;
  }
  .prose h2 code {
    font-size: 0.875em;
  }
  .prose h3 code {
    font-size: 0.9em;
  }
  .prose ol {
    margin-top: 1.25em;
    margin-bottom: 1.25em;
    list-style-type: none;
  }
  .prose ul {
    margin-top: 1.25em;
    margin-bottom: 1.25em;
    list-style-type: none;
  }
  .prose li {
    margin-top: 0.5em;
    margin-bottom: 0.5em;
  }
  .prose > ul > li p {
    margin-top: 0.75em;
    margin-bottom: 0.75em;
  }
  .prose > ul > li > *:first-child {
    margin-top: 1.25em;
  }
  .prose > ul > li > *:last-child {
    margin-bottom: 1.25em;
  }
  .prose > ol > li > *:first-child {
    margin-top: 1.25em;
  }
  .prose > ol > li > *:last-child {
    margin-bottom: 1.25em;
  }
  .prose ul ul, .prose ul ol, .prose ol ul, .prose ol ol {
    margin-top: 0.75em;
    margin-bottom: 0.75em;
  }
  .prose hr + * {
    margin-top: 0;
  }
  .prose h2 + * {
    margin-top: 0;
  }
  .prose h3 + * {
    margin-top: 0;
  }
  .prose h4 + * {
    margin-top: 0;
  }
  .prose thead th:first-child {
    padding-left: 0;
  }
  .prose thead th:last-child {
    padding-right: 0;
  }
  .prose tbody td:first-child {
    padding-left: 0;
  }
  .prose tbody td:last-child {
    padding-right: 0;
  }
  .prose > :first-child {
    margin-top: 0;
  }
  .prose > :last-child {
    margin-bottom: 0;
  }
  .prose-red a {
    color: #e11d48;
  }
  .prose-red a code {
    color: #e11d48;
  }
  .btn {
    padding: .5rem 1rem;
    border-radius: .25rem;
    font-weight: 600;
  }
  .btn-blue {
    background-color: #3490dc;
    color: #fff;
  }
  .btn-blue:hover {
    background-color: #2779bd;
  }
  .btn-red {
    background-color: #e3342f;
    color: #fff;
  }
  .btn-red:hover {
    background-color: #cc1f1a;
  }
  .aspect-w-4 {
    --tw-aspect-w: 4;
    position: relative;
    padding-bottom: calc(var(--tw-aspect-h) / var(--tw-aspect-w) * 100%);
  }
  .aspect-w-4 > * {
    position: absolute;
    height: 100%;
    width: 100%;
    top: 0;
    right: 0;
    bottom: 0;
    left: 0;
  }
  .aspect-h-6 {
    --tw-aspect-h: 6;
  }
  .aspect-9\/16 {
    position: relative;
    padding-bottom: 56.25%;
  }
  .aspect-9\/16 > * {
    position: absolute;
    height: 100%;
    width: 100%;
    top: 0;
    right: 0;
    bottom: 0;
    left: 0;
  }
  .bg-red-500 {
    --tw-bg-opacity: 1;
    background-color: rgba(244, 63, 94, var(--tw-bg-opacity));
  }
  @keyframes ping {
    0% {
      -webkit-transform: scale(1);
      transform: scale(1);
      opacity: 1;
    }
    75%, 100% {
      -webkit-transform: scale(2);
      transform: scale(2);
      opacity: 0;
    }
  }
  @-webkit-keyframes ping {
    0% {
      -webkit-transform: scale(1);
      transform: scale(1);
      opacity: 1;
    }
    75%, 100% {
      -webkit-transform: scale(2);
      transform: scale(2);
      opacity: 0;
    }
  }
  .animate-ping {
    -webkit-animation: ping 1s cubic-bezier(0, 0, 0.2, 1) infinite;
    animation: ping 1s cubic-bezier(0, 0, 0.2, 1) infinite;
  }
  .skew-10deg {
    transform: skewY(-10deg);
  }
  .skew-15deg {
    transform: skewY(-15deg);
  }
  .line-clamp-1 {
    overflow: hidden;
    display: -webkit-box;
    -webkit-box-orient: vertical;
    -webkit-line-clamp: 1;
  }
  .line-clamp-none {
    -webkit-line-clamp: unset;
  }
  .filter-grayscale {
    -webkit-filter: grayscale(1);
    filter: grayscale(1);
  }
  .backdrop-blur {
    -webkit-backdrop-filter: blur(20px);
    backdrop-filter: blur(20px);
  }
  .blur-20 {
    -webkit-backdrop-filter: blur(20px);
    backdrop-filter: blur(20px);
  }
  @media (min-width: 480px) {
    .sm\:container {
      width: 100%;
    }
    @media (min-width: 480px) {
      .sm\:container {
        max-width: 480px;
      }
    }
    @media (min-width: 768px) {
      .sm\:container {
        max-width: 768px;
      }
    }
    @media (min-width: 976px) {
      .sm\:container {
        max-width: 976px;
      }
    }
    @media (min-width: 1440px) {
      .sm\:container {
        max-width: 1440px;
      }
    }
  }
  @media (min-width: 768px) {
    .md\:prose-lg {
      font-size: 1.125rem;
      line-height: 1.7777778;
    }
    .md\:prose-lg p {
      margin-top: 1.3333333em;
      margin-bottom: 1.3333333em;
    }
    .md\:prose-lg [class~="lead"] {
      font-size: 1.2222222em;
      line-height: 1.4545455;
      margin-top: 1.0909091em;
      margin-bottom: 1.0909091em;
    }
    .md\:prose-lg blockquote {
      margin-top: 1.6666667em;
      margin-bottom: 1.6666667em;
      padding-left: 1em;
    }
    .md\:prose-lg h1 {
      font-size: 2.6666667em;
      margin-top: 0;
      margin-bottom: 0.8333333em;
      line-height: 1;
    }
    .md\:prose-lg h2 {
      font-size: 1.6666667em;
      margin-top: 1.8666667em;
      margin-bottom: 1.0666667em;
      line-height: 1.3333333;
    }
    .md\:prose-lg h3 {
      font-size: 1.3333333em;
      margin-top: 1.6666667em;
      margin-bottom: 0.6666667em;
      line-height: 1.5;
    }
    .md\:prose-lg h4 {
      margin-top: 1.7777778em;
      margin-bottom: 0.4444444em;
      line-height: 1.5555556;
    }
    .md\:prose-lg img {
      margin-top: 1.7777778em;
      margin-bottom: 1.7777778em;
    }
    .md\:prose-lg video {
      margin-top: 1.7777778em;
      margin-bottom: 1.7777778em;
    }
    .md\:prose-lg figure {
      margin-top: 1.7777778em;
      margin-bottom: 1.7777778em;
    }
    .md\:prose-lg figure > * {
      margin-top: 0;
      margin-bottom: 0;
    }
    .md\:prose-lg figure figcaption {
      font-size: 0.8888889em;
      line-height: 1.5;
      margin-top: 1em;
    }
    .md\:prose-lg code {
      font-size: 0.8888889em;
    }
    .md\:prose-lg h2 code {
      font-size: 0.8666667em;
    }
    .md\:prose-lg h3 code {
      font-size: 0.875em;
    }
    .md\:prose-lg pre {
      font-size: 0.8888889em;
      line-height: 1.75;
      margin-top: 2em;
      margin-bottom: 2em;
      border-radius: 0.375rem;
      padding-top: 1em;
      padding-right: 1.5em;
      padding-bottom: 1em;
      padding-left: 1.5em;
    }
    .md\:prose-lg ol {
      margin-top: 1.3333333em;
      margin-bottom: 1.3333333em;
    }
    .md\:prose-lg ul {
      margin-top: 1.3333333em;
      margin-bottom: 1.3333333em;
    }
    .md\:prose-lg li {
      margin-top: 0.6666667em;
      margin-bottom: 0.6666667em;
    }
    .md\:prose-lg ol > li {
      padding-left: 1.6666667em;
    }
    .md\:prose-lg ol > li::before {
      left: 0;
    }
    .md\:prose-lg ul > li {
      padding-left: 1.6666667em;
    }
    .md\:prose-lg ul > li::before {
      width: 0.3333333em;
      height: 0.3333333em;
      top: calc(0.8888889em - 0.1666667em);
      left: 0.2222222em;
    }
    .md\:prose-lg > ul > li p {
      margin-top: 0.8888889em;
      margin-bottom: 0.8888889em;
    }
    .md\:prose-lg > ul > li > *:first-child {
      margin-top: 1.3333333em;
    }
    .md\:prose-lg > ul > li > *:last-child {
      margin-bottom: 1.3333333em;
    }
    .md\:prose-lg > ol > li > *:first-child {
      margin-top: 1.3333333em;
    }
    .md\:prose-lg > ol > li > *:last-child {
      margin-bottom: 1.3333333em;
    }
    .md\:prose-lg ul ul, .md\:prose-lg ul ol, .md\:prose-lg ol ul, .md\:prose-lg ol ol {
      margin-top: 0.8888889em;
      margin-bottom: 0.8888889em;
    }
    .md\:prose-lg hr {
      margin-top: 3.1111111em;
      margin-bottom: 3.1111111em;
    }
    .md\:prose-lg hr + * {
      margin-top: 0;
    }
    .md\:prose-lg h2 + * {
      margin-top: 0;
    }
    .md\:prose-lg h3 + * {
      margin-top: 0;
    }
    .md\:prose-lg h4 + * {
      margin-top: 0;
    }
    .md\:prose-lg table {
      font-size: 0.8888889em;
      line-height: 1.5;
    }
    .md\:prose-lg thead th {
      padding-right: 0.75em;
      padding-bottom: 0.75em;
      padding-left: 0.75em;
    }
    .md\:prose-lg thead th:first-child {
      padding-left: 0;
    }
    .md\:prose-lg thead th:last-child {
      padding-right: 0;
    }
    .md\:prose-lg tbody td {
      padding-top: 0.75em;
      padding-right: 0.75em;
      padding-bottom: 0.75em;
      padding-left: 0.75em;
    }
    .md\:prose-lg tbody td:first-child {
      padding-left: 0;
    }
    .md\:prose-lg tbody td:last-child {
      padding-right: 0;
    }
    .md\:prose-lg > :first-child {
      margin-top: 0;
    }
    .md\:prose-lg > :last-child {
      margin-bottom: 0;
    }
    .md\:aspect-3\/4 {
      position: relative;
      padding-bottom: 75%;
    }
    .md\:aspect-3\/4 > * {
      position: absolute;
      height: 100%;
      width: 100%;
      top: 0;
      right: 0;
      bottom: 0;
      left: 0;
    }
  }
  @media (min-width: 976px) {
    .lg\:backdrop-filter {
      --tw-backdrop-blur: var(--tw-empty,/*!*/ /*!*/);
      --tw-backdrop-brightness: var(--tw-empty,/*!*/ /*!*/);
      --tw-backdrop-contrast: var(--tw-empty,/*!*/ /*!*/);
      --tw-backdrop-grayscale: var(--tw-empty,/*!*/ /*!*/);
      --tw-backdrop-hue-rotate: var(--tw-empty,/*!*/ /*!*/);
      --tw-backdrop-invert: var(--tw-empty,/*!*/ /*!*/);
      --tw-backdrop-opacity: var(--tw-empty,/*!*/ /*!*/);
      --tw-backdrop-saturate: var(--tw-empty,/*!*/ /*!*/);
      --tw-backdrop-sepia: var(--tw-empty,/*!*/ /*!*/);
      -webkit-backdrop-filter: var(--tw-backdrop-blur) var(--tw-backdrop-brightness) var(--tw-backdrop-contrast) var(--tw-backdrop-grayscale) var(--tw-backdrop-hue-rotate) var(--tw-backdrop-invert) var(--tw-backdrop-opacity) var(--tw-backdrop-saturate) var(--tw-backdrop-sepia);
      backdrop-filter: var(--tw-backdrop-blur) var(--tw-backdrop-brightness) var(--tw-backdrop-contrast) var(--tw-backdrop-grayscale) var(--tw-backdrop-hue-rotate) var(--tw-backdrop-invert) var(--tw-backdrop-opacity) var(--tw-backdrop-saturate) var(--tw-backdrop-sepia);
    }
  }
